00:09:58 **** Incremental Build of configuration Debug for project img_proc ****
make all 
Building file: ../src/tripple_buf_vdma.c
Invoking: ARM v7 Linux gcc compiler
arm-linux-gnueabihf-gcc -Wall -O0 -g3 -c -fmessage-length=0 -MT"src/tripple_buf_vdma.o" -MMD -MP -MF"src/tripple_buf_vdma.d" -MT"src/tripple_buf_vdma.o" -o "src/tripple_buf_vdma.o" "../src/tripple_buf_vdma.c"
../src/tripple_buf_vdma.c: In function ‘vdma_setup’:
../src/tripple_buf_vdma.c:125:32: warning: assignment to ‘unsigned char *’ from ‘unsigned int’ makes pointer from integer without a cast [-Wint-conversion]
     handle->fb1PhysicalAddress = fb1Addr;
                                ^
../src/tripple_buf_vdma.c:132:32: warning: assignment to ‘unsigned char *’ from ‘unsigned int’ makes pointer from integer without a cast [-Wint-conversion]
     handle->fb2PhysicalAddress = fb2Addr;
                                ^
../src/tripple_buf_vdma.c:139:32: warning: assignment to ‘unsigned char *’ from ‘unsigned int’ makes pointer from integer without a cast [-Wint-conversion]
     handle->fb3PhysicalAddress = fb3Addr;
                                ^
../src/tripple_buf_vdma.c:147:5: warning: implicit declaration of function ‘memset’ [-Wimplicit-function-declaration]
     memset(handle->fb1VirtualAddress, 255, handle->width*handle->height*handle->pixelLength);
     ^~~~~~
../src/tripple_buf_vdma.c:147:5: warning: incompatible implicit declaration of built-in function ‘memset’
../src/tripple_buf_vdma.c:147:5: note: include ‘<string.h>’ or provide a declaration of ‘memset’
../src/tripple_buf_vdma.c:37:1:
+#include <string.h>
 
../src/tripple_buf_vdma.c:147:5:
     memset(handle->fb1VirtualAddress, 255, handle->width*handle->height*handle->pixelLength);
     ^~~~~~
../src/tripple_buf_vdma.c: In function ‘vdma_halt’:
../src/tripple_buf_vdma.c:155:5: warning: implicit declaration of function ‘vdma_set’; did you mean ‘vdma_setup’? [-Wimplicit-function-declaration]
     vdma_set(handle, OFFSET_VDMA_S2MM_CONTROL_REGISTER, VDMA_CONTROL_REGISTER_RESET);
     ^~~~~~~~
     vdma_setup
../src/tripple_buf_vdma.c: At top level:
../src/tripple_buf_vdma.c:168:6: warning: conflicting types for ‘vdma_set’
 void vdma_set(vdma_handle *handle, int num, unsigned int val) {
      ^~~~~~~~
../src/tripple_buf_vdma.c:155:5: note: previous implicit declaration of ‘vdma_set’ was here
     vdma_set(handle, OFFSET_VDMA_S2MM_CONTROL_REGISTER, VDMA_CONTROL_REGISTER_RESET);
     ^~~~~~~~
../src/tripple_buf_vdma.c: In function ‘vdma_start_triple_buffering’:
../src/tripple_buf_vdma.c:244:59: warning: passing argument 3 of ‘vdma_set’ makes integer from pointer without a cast [-Wint-conversion]
     vdma_set(handle, OFFSET_VDMA_S2MM_FRAMEBUFFER1, handle->fb1PhysicalAddress);
                                                     ~~~~~~^~~~~~~~~~~~~~~~~~~~
../src/tripple_buf_vdma.c:168:58: note: expected ‘unsigned int’ but argument is of type ‘unsigned char *’
 void vdma_set(vdma_handle *handle, int num, unsigned int val) {
                                             ~~~~~~~~~~~~~^~~
../src/tripple_buf_vdma.c:245:59: warning: passing argument 3 of ‘vdma_set’ makes integer from pointer without a cast [-Wint-conversion]
     vdma_set(handle, OFFSET_VDMA_MM2S_FRAMEBUFFER1, handle->fb1PhysicalAddress);
                                                     ~~~~~~^~~~~~~~~~~~~~~~~~~~
../src/tripple_buf_vdma.c:168:58: note: expected ‘unsigned int’ but argument is of type ‘unsigned char *’
 void vdma_set(vdma_handle *handle, int num, unsigned int val) {
                                             ~~~~~~~~~~~~~^~~
../src/tripple_buf_vdma.c:246:59: warning: passing argument 3 of ‘vdma_set’ makes integer from pointer without a cast [-Wint-conversion]
     vdma_set(handle, OFFSET_VDMA_S2MM_FRAMEBUFFER2, handle->fb2PhysicalAddress);
                                                     ~~~~~~^~~~~~~~~~~~~~~~~~~~
../src/tripple_buf_vdma.c:168:58: note: expected ‘unsigned int’ but argument is of type ‘unsigned char *’
 void vdma_set(vdma_handle *handle, int num, unsigned int val) {
                                             ~~~~~~~~~~~~~^~~
../src/tripple_buf_vdma.c:247:59: warning: passing argument 3 of ‘vdma_set’ makes integer from pointer without a cast [-Wint-conversion]
     vdma_set(handle, OFFSET_VDMA_MM2S_FRAMEBUFFER2, handle->fb2PhysicalAddress);
                                                     ~~~~~~^~~~~~~~~~~~~~~~~~~~
../src/tripple_buf_vdma.c:168:58: note: expected ‘unsigned int’ but argument is of type ‘unsigned char *’
 void vdma_set(vdma_handle *handle, int num, unsigned int val) {
                                             ~~~~~~~~~~~~~^~~
../src/tripple_buf_vdma.c:248:59: warning: passing argument 3 of ‘vdma_set’ makes integer from pointer without a cast [-Wint-conversion]
     vdma_set(handle, OFFSET_VDMA_S2MM_FRAMEBUFFER3, handle->fb3PhysicalAddress);
                                                     ~~~~~~^~~~~~~~~~~~~~~~~~~~
../src/tripple_buf_vdma.c:168:58: note: expected ‘unsigned int’ but argument is of type ‘unsigned char *’
 void vdma_set(vdma_handle *handle, int num, unsigned int val) {
                                             ~~~~~~~~~~~~~^~~
../src/tripple_buf_vdma.c:249:59: warning: passing argument 3 of ‘vdma_set’ makes integer from pointer without a cast [-Wint-conversion]
     vdma_set(handle, OFFSET_VDMA_MM2S_FRAMEBUFFER3, handle->fb3PhysicalAddress);
                                                     ~~~~~~^~~~~~~~~~~~~~~~~~~~
../src/tripple_buf_vdma.c:168:58: note: expected ‘unsigned int’ but argument is of type ‘unsigned char *’
 void vdma_set(vdma_handle *handle, int num, unsigned int val) {
                                             ~~~~~~~~~~~~~^~~
../src/tripple_buf_vdma.c: In function ‘main’:
../src/tripple_buf_vdma.c:306:9: warning: this ‘for’ clause does not guard... [-Wmisleading-indentation]
         for (j = 0; j < 4096; j++) printf(" %02x", handle.fb1VirtualAddress[j]); printf("\n");
         ^~~
../src/tripple_buf_vdma.c:306:82: note: ...this statement, but the latter is misleadingly indented as if it were guarded by the ‘for’
         for (j = 0; j < 4096; j++) printf(" %02x", handle.fb1VirtualAddress[j]); printf("\n");
                                                                                  ^~~~~~
Finished building: ../src/tripple_buf_vdma.c
 
Building target: img_proc.elf
Invoking: ARM v7 Linux gcc linker
arm-linux-gnueabihf-gcc  -o "img_proc.elf"  ./src/tripple_buf_vdma.o   
Finished building target: img_proc.elf
 
Invoking: ARM v7 Linux Print Size
arm-linux-gnueabihf-size img_proc.elf  |tee "img_proc.elf.size"
   text	   data	    bss	    dec	    hex	filename
   4897	    320	      4	   5221	   1465	img_proc.elf
Finished building: img_proc.elf.size
 

00:09:59 Build Finished (took 522ms)

