#-----------------------------------------------------------
# Vivado v2019.2 (64-bit)
# SW Build 2700185 on Thu Oct 24 18:45:48 MDT 2019
# IP Build 2699827 on Thu Oct 24 21:16:38 MDT 2019
# Start of session at: Thu Nov  7 20:03:51 2019
# Process ID: 4941
# Current directory: /home/austin/Desktop/projects/zybo/zybo_img_proc/vivado
# Command line: vivado
# Log file: /home/austin/Desktop/projects/zybo/zybo_img_proc/vivado/vivado.log
# Journal file: /home/austin/Desktop/projects/zybo/zybo_img_proc/vivado/vivado.jou
#-----------------------------------------------------------
start_gui
open_project /home/austin/Desktop/projects/zybo/zybo_img_proc/vivado/img_proc/img_proc.xpr
update_compile_order -fileset sources_1
open_bd_design {/home/austin/Desktop/projects/zybo/zybo_img_proc/vivado/img_proc/img_proc.srcs/sources_1/bd/img_proc/img_proc.bd}
startgroup
create_bd_cell -type ip -vlnv xilinx.com:ip:v_tpg:8.0 v_tpg_0
endgroup
set_property location {4 2510 1511} [get_bd_cells v_tpg_0]
set_property location {2 1620 1510} [get_bd_cells v_tpg_0]
regenerate_bd_layout
delete_bd_objs [get_bd_intf_nets hdmi_decode_M_AXIS]
connect_bd_intf_net [get_bd_intf_pins v_tpg_0/m_axis_video] -boundary_type upper [get_bd_intf_pins vdma/S_AXIS_S2MM]
startgroup
set_property -dict [list CONFIG.MAX_COLS {640} CONFIG.MAX_ROWS {480}] [get_bd_cells v_tpg_0]
endgroup
undo
undo
undo
undo
undo
save_bd_design
delete_bd_objs [get_bd_cells v_tpg_0]
save_bd_design
regenerate_bd_layout
startgroup
create_bd_cell -type ip -vlnv xilinx.com:ip:v_tpg:8.0 v_tpg_0
endgroup
set_property location {3 1420 1524} [get_bd_cells v_tpg_0]
set_property -dict [list CONFIG.MAX_COLS {1920} CONFIG.MAX_ROWS {1080}] [get_bd_cells v_tpg_0]
set_property location {2.5 1878 1496} [get_bd_cells v_tpg_0]
undo
regenerate_bd_layout
set_property location {2 1257 812} [get_bd_cells v_tpg_0]
regenerate_bd_layout
delete_bd_objs [get_bd_intf_nets hdmi_decode_M_AXIS]
connect_bd_intf_net [get_bd_intf_pins v_tpg_0/m_axis_video] -boundary_type upper [get_bd_intf_pins vdma/S_AXIS_S2MM]
connect_bd_net [get_bd_pins v_tpg_0/ap_clk] [get_bd_pins processing_system7_0/FCLK_CLK0]
connect_bd_net [get_bd_pins v_tpg_0/ap_rst_n] [get_bd_pins proc_sys_reset_0/peripheral_aresetn]
copy_bd_objs vdma  [get_bd_intf_pins {vdma/S_AXIS_S2MM}]
set_property name TPG_IN_DEBUG [get_bd_intf_pins vdma/S_AXIS_S2MM1]
delete_bd_objs [get_bd_intf_nets vdma/Conn5]
connect_bd_intf_net [get_bd_intf_pins vdma/TPG_IN_DEBUG] [get_bd_intf_pins vdma/axi_vdma_0/S_AXIS_S2MM]
delete_bd_objs [get_bd_intf_nets v_tpg_0_m_axis_video]
regenerate_bd_layout
connect_bd_intf_net -boundary_type upper [get_bd_intf_pins hdmi_decode/M_AXIS] [get_bd_intf_pins vdma/S_AXIS_S2MM]
regenerate_bd_layout
connect_bd_intf_net [get_bd_intf_pins v_tpg_0/m_axis_video] -boundary_type upper [get_bd_intf_pins vdma/TPG_IN_DEBUG]
regenerate_bd_layout
delete_bd_objs [get_bd_intf_nets vdma/TPG_IN_DEBUG_1] [get_bd_intf_pins vdma/TPG_IN_DEBUG]
disconnect_bd_net /proc_sys_reset_0_peripheral_aresetn [get_bd_pins v_tpg_0/ap_rst_n]
disconnect_bd_net /processing_system7_0_FCLK_CLK0 [get_bd_pins v_tpg_0/ap_clk]
move_bd_cells [get_bd_cells vdma] [get_bd_cells v_tpg_0]
connect_bd_intf_net [get_bd_intf_pins vdma/v_tpg_0/m_axis_video] [get_bd_intf_pins vdma/axi_vdma_0/S_AXIS_S2MM]
connect_bd_intf_net [get_bd_intf_pins vdma/v_tpg_0/m_axis_video] [get_bd_intf_pins vdma/axi_vdma_0/S_AXIS_S2MM]
set_property location {1 135 -30} [get_bd_cells vdma/v_tpg_0]
connect_bd_intf_net [get_bd_intf_pins vdma/axi_vdma_0/S_AXIS_S2MM] [get_bd_intf_pins vdma/v_tpg_0/m_axis_video]
regenerate_bd_layout -hierarchy [get_bd_cells vdma]
connect_bd_intf_net [get_bd_intf_pins vdma/S_AXIS_S2MM] [get_bd_intf_pins vdma/axi_vdma_0/S_AXIS_S2MM]
delete_bd_objs [get_bd_intf_nets vdma/S_AXIS_S2MM_1]
connect_bd_intf_net [get_bd_intf_pins vdma/v_tpg_0/m_axis_video] [get_bd_intf_pins vdma/axi_vdma_0/S_AXIS_S2MM]
move_bd_cells [get_bd_cells /] [get_bd_cells vdma/v_tpg_0]
regenerate_bd_layout -hierarchy [get_bd_cells vdma]
copy_bd_objs vdma  [get_bd_intf_pins {vdma/S_AXIS_S2MM}]
connect_bd_intf_net [get_bd_intf_pins vdma/S_AXIS_S2MM1] [get_bd_intf_pins vdma/axi_vdma_0/S_AXIS_S2MM]
set_property name TPG_DEBUG_IN [get_bd_intf_pins vdma/S_AXIS_S2MM1]
regenerate_bd_layout -hierarchy [get_bd_cells vdma]
regenerate_bd_layout
delete_bd_objs [get_bd_intf_nets v_tpg_0_m_axis_video] [get_bd_cells v_tpg_0]
startgroup
create_bd_cell -type ip -vlnv xilinx.com:ip:v_tpg:8.0 v_tpg_0
endgroup
connect_bd_intf_net [get_bd_intf_pins v_tpg_0/m_axis_video] -boundary_type upper [get_bd_intf_pins vdma/TPG_DEBUG_IN]
delete_bd_objs [get_bd_intf_nets v_tpg_0_m_axis_video]
connect_bd_intf_net [get_bd_intf_pins v_tpg_0/m_axis_video] -boundary_type upper [get_bd_intf_pins vdma/TPG_DEBUG_IN]
connect_bd_net [get_bd_pins v_tpg_0/ap_rst_n] [get_bd_pins proc_sys_reset_0/peripheral_aresetn]
undo
undo
move_bd_cells [get_bd_cells vdma] [get_bd_cells v_tpg_0]
delete_bd_objs [get_bd_intf_nets vdma/S_AXIS_S2MM1_1]
connect_bd_intf_net [get_bd_intf_pins vdma/v_tpg_0/m_axis_video] [get_bd_intf_pins vdma/axi_vdma_0/S_AXIS_S2MM]
delete_bd_objs [get_bd_intf_pins vdma/TPG_DEBUG_IN]
connect_bd_net [get_bd_pins vdma/axi_resetn] [get_bd_pins vdma/v_tpg_0/ap_rst_n]
connect_bd_net [get_bd_pins vdma/m_axi_mm2s_aclk] [get_bd_pins vdma/v_tpg_0/ap_clk]
startgroup
set_property -dict [list CONFIG.NUM_MI {7}] [get_bd_cells vdma/axi_interconnect_0]
endgroup
connect_bd_intf_net [get_bd_intf_pins vdma/v_tpg_0/s_axi_CTRL] -boundary_type upper [get_bd_intf_pins vdma/axi_interconnect_0/M06_AXI]
regenerate_bd_layout -hierarchy [get_bd_cells vdma]
apply_bd_automation -rule xilinx.com:bd_rule:clkrst -config { Clk {/processing_system7_0/FCLK_CLK0 (200 MHz)} Freq {100} Ref_Clk0 {} Ref_Clk1 {} Ref_Clk2 {}}  [get_bd_pins vdma/axi_interconnect_0/M06_ACLK]
undo
redo
undo
redo
undo
apply_bd_automation -rule xilinx.com:bd_rule:clkrst -config { Clk {/processing_system7_0/FCLK_CLK0 (200 MHz)} Freq {100} Ref_Clk0 {} Ref_Clk1 {} Ref_Clk2 {}}  [get_bd_pins vdma/axi_interconnect_0/M06_ACLK]
assign_bd_address [get_bd_addr_segs {vdma/v_tpg_0/s_axi_CTRL/Reg }]
validate_bd_design
validate_bd_design -force
regenerate_bd_layout
save_bd_design
reset_run synth_1
reset_run img_proc_v_axi4s_vid_out_0_0_synth_1
reset_run img_proc_v_tc_0_1_synth_1
reset_run img_proc_proc_sys_reset_0_0_synth_1
reset_run img_proc_v_vid_in_axi4s_0_0_synth_1
reset_run img_proc_processing_system7_0_0_synth_1
reset_run img_proc_xbar_3_synth_1
reset_run img_proc_v_tc_0_0_synth_1
reset_run img_proc_xbar_2_synth_1
launch_runs impl_1 -to_step write_bitstream -jobs 24
wait_on_run impl_1
regenerate_bd_layout
make_wrapper -files [get_files /home/austin/Desktop/projects/zybo/zybo_img_proc/vivado/img_proc/img_proc.srcs/sources_1/bd/img_proc/img_proc.bd] -top
import_files -force -norecurse /home/austin/Desktop/projects/zybo/zybo_img_proc/vivado/img_proc/img_proc.srcs/sources_1/bd/img_proc/hdl/img_proc_wrapper.vhd
reset_run synth_1
launch_runs impl_1 -to_step write_bitstream -jobs 24
wait_on_run impl_1
open_hw_manager
connect_hw_server -allow_non_jtag
open_hw_target
set_property PROGRAM.FILE {/home/austin/Desktop/projects/zybo/zybo_img_proc/vivado/img_proc/img_proc.runs/impl_1/img_proc_wrapper.bit} [get_hw_devices xc7z020_1]
set_property PROBES.FILE {/home/austin/Desktop/projects/zybo/zybo_img_proc/vivado/img_proc/img_proc.runs/impl_1/img_proc_wrapper.ltx} [get_hw_devices xc7z020_1]
set_property FULL_PROBES.FILE {/home/austin/Desktop/projects/zybo/zybo_img_proc/vivado/img_proc/img_proc.runs/impl_1/img_proc_wrapper.ltx} [get_hw_devices xc7z020_1]
current_hw_device [get_hw_devices xc7z020_1]
refresh_hw_device [lindex [get_hw_devices xc7z020_1] 0]
display_hw_ila_data [ get_hw_ila_data hw_ila_data_1 -of_objects [get_hw_ilas -of_objects [get_hw_devices xc7z020_1] -filter {CELL_NAME=~"img_proc_i/hdmi_decode/dvi2rgb_0/U0/GenerateDebug.ILA_PixClkx"}]]
display_hw_ila_data [ get_hw_ila_data hw_ila_data_2 -of_objects [get_hw_ilas -of_objects [get_hw_devices xc7z020_1] -filter {CELL_NAME=~"img_proc_i/hdmi_decode/dvi2rgb_0/U0/GenerateDebug.ILA_RefClkx"}]]
set_property PROBES.FILE {/home/austin/Desktop/projects/zybo/zybo_img_proc/vivado/img_proc/img_proc.runs/impl_1/img_proc_wrapper.ltx} [get_hw_devices xc7z020_1]
set_property FULL_PROBES.FILE {/home/austin/Desktop/projects/zybo/zybo_img_proc/vivado/img_proc/img_proc.runs/impl_1/img_proc_wrapper.ltx} [get_hw_devices xc7z020_1]
set_property PROGRAM.FILE {/home/austin/Desktop/projects/zybo/zybo_img_proc/vivado/img_proc/img_proc.runs/impl_1/img_proc_wrapper.bit} [get_hw_devices xc7z020_1]
program_hw_devices [get_hw_devices xc7z020_1]
refresh_hw_device [lindex [get_hw_devices xc7z020_1] 0]
run_hw_ila [get_hw_ilas -of_objects [get_hw_devices xc7z020_1] -filter {CELL_NAME=~"img_proc_i/hdmi_decode/dvi2rgb_0/U0/GenerateDebug.ILA_PixClkx"}]
run_hw_ila [get_hw_ilas -of_objects [get_hw_devices xc7z020_1] -filter {CELL_NAME=~"img_proc_i/hdmi_decode/dvi2rgb_0/U0/GenerateDebug.ILA_RefClkx"}]
wait_on_hw_ila [get_hw_ilas -of_objects [get_hw_devices xc7z020_1] -filter {CELL_NAME=~"img_proc_i/hdmi_decode/dvi2rgb_0/U0/GenerateDebug.ILA_RefClkx"}]
display_hw_ila_data [upload_hw_ila_data [get_hw_ilas -of_objects [get_hw_devices xc7z020_1] -filter {CELL_NAME=~"img_proc_i/hdmi_decode/dvi2rgb_0/U0/GenerateDebug.ILA_RefClkx"}]]
run_hw_ila [get_hw_ilas -of_objects [get_hw_devices xc7z020_1] -filter {CELL_NAME=~"img_proc_i/hdmi_decode/dvi2rgb_0/U0/GenerateDebug.ILA_RefClkx"}]
wait_on_hw_ila [get_hw_ilas -of_objects [get_hw_devices xc7z020_1] -filter {CELL_NAME=~"img_proc_i/hdmi_decode/dvi2rgb_0/U0/GenerateDebug.ILA_RefClkx"}]
display_hw_ila_data [upload_hw_ila_data [get_hw_ilas -of_objects [get_hw_devices xc7z020_1] -filter {CELL_NAME=~"img_proc_i/hdmi_decode/dvi2rgb_0/U0/GenerateDebug.ILA_RefClkx"}]]
run_hw_ila [get_hw_ilas -of_objects [get_hw_devices xc7z020_1] -filter {CELL_NAME=~"img_proc_i/hdmi_decode/dvi2rgb_0/U0/GenerateDebug.ILA_RefClkx"}]
wait_on_hw_ila [get_hw_ilas -of_objects [get_hw_devices xc7z020_1] -filter {CELL_NAME=~"img_proc_i/hdmi_decode/dvi2rgb_0/U0/GenerateDebug.ILA_RefClkx"}]
display_hw_ila_data [upload_hw_ila_data [get_hw_ilas -of_objects [get_hw_devices xc7z020_1] -filter {CELL_NAME=~"img_proc_i/hdmi_decode/dvi2rgb_0/U0/GenerateDebug.ILA_RefClkx"}]]
run_hw_ila [get_hw_ilas -of_objects [get_hw_devices xc7z020_1] -filter {CELL_NAME=~"img_proc_i/hdmi_decode/dvi2rgb_0/U0/GenerateDebug.ILA_RefClkx"}]
wait_on_hw_ila [get_hw_ilas -of_objects [get_hw_devices xc7z020_1] -filter {CELL_NAME=~"img_proc_i/hdmi_decode/dvi2rgb_0/U0/GenerateDebug.ILA_RefClkx"}]
display_hw_ila_data [upload_hw_ila_data [get_hw_ilas -of_objects [get_hw_devices xc7z020_1] -filter {CELL_NAME=~"img_proc_i/hdmi_decode/dvi2rgb_0/U0/GenerateDebug.ILA_RefClkx"}]]
run_hw_ila [get_hw_ilas -of_objects [get_hw_devices xc7z020_1] -filter {CELL_NAME=~"img_proc_i/hdmi_decode/dvi2rgb_0/U0/GenerateDebug.ILA_RefClkx"}]
wait_on_hw_ila [get_hw_ilas -of_objects [get_hw_devices xc7z020_1] -filter {CELL_NAME=~"img_proc_i/hdmi_decode/dvi2rgb_0/U0/GenerateDebug.ILA_RefClkx"}]
display_hw_ila_data [upload_hw_ila_data [get_hw_ilas -of_objects [get_hw_devices xc7z020_1] -filter {CELL_NAME=~"img_proc_i/hdmi_decode/dvi2rgb_0/U0/GenerateDebug.ILA_RefClkx"}]]
run_hw_ila [get_hw_ilas -of_objects [get_hw_devices xc7z020_1] -filter {CELL_NAME=~"img_proc_i/hdmi_decode/dvi2rgb_0/U0/GenerateDebug.ILA_RefClkx"}]
wait_on_hw_ila [get_hw_ilas -of_objects [get_hw_devices xc7z020_1] -filter {CELL_NAME=~"img_proc_i/hdmi_decode/dvi2rgb_0/U0/GenerateDebug.ILA_RefClkx"}]
display_hw_ila_data [upload_hw_ila_data [get_hw_ilas -of_objects [get_hw_devices xc7z020_1] -filter {CELL_NAME=~"img_proc_i/hdmi_decode/dvi2rgb_0/U0/GenerateDebug.ILA_RefClkx"}]]
open_bd_design {/home/austin/Desktop/projects/zybo/zybo_img_proc/vivado/img_proc/img_proc.srcs/sources_1/bd/img_proc/img_proc.bd}
run_hw_ila [get_hw_ilas -of_objects [get_hw_devices xc7z020_1] -filter {CELL_NAME=~"img_proc_i/hdmi_decode/dvi2rgb_0/U0/GenerateDebug.ILA_RefClkx"}]
wait_on_hw_ila [get_hw_ilas -of_objects [get_hw_devices xc7z020_1] -filter {CELL_NAME=~"img_proc_i/hdmi_decode/dvi2rgb_0/U0/GenerateDebug.ILA_RefClkx"}]
display_hw_ila_data [upload_hw_ila_data [get_hw_ilas -of_objects [get_hw_devices xc7z020_1] -filter {CELL_NAME=~"img_proc_i/hdmi_decode/dvi2rgb_0/U0/GenerateDebug.ILA_RefClkx"}]]
run_hw_ila [get_hw_ilas -of_objects [get_hw_devices xc7z020_1] -filter {CELL_NAME=~"img_proc_i/hdmi_decode/dvi2rgb_0/U0/GenerateDebug.ILA_RefClkx"}]
wait_on_hw_ila [get_hw_ilas -of_objects [get_hw_devices xc7z020_1] -filter {CELL_NAME=~"img_proc_i/hdmi_decode/dvi2rgb_0/U0/GenerateDebug.ILA_RefClkx"}]
display_hw_ila_data [upload_hw_ila_data [get_hw_ilas -of_objects [get_hw_devices xc7z020_1] -filter {CELL_NAME=~"img_proc_i/hdmi_decode/dvi2rgb_0/U0/GenerateDebug.ILA_RefClkx"}]]
run_hw_ila [get_hw_ilas -of_objects [get_hw_devices xc7z020_1] -filter {CELL_NAME=~"img_proc_i/hdmi_decode/dvi2rgb_0/U0/GenerateDebug.ILA_RefClkx"}]
wait_on_hw_ila [get_hw_ilas -of_objects [get_hw_devices xc7z020_1] -filter {CELL_NAME=~"img_proc_i/hdmi_decode/dvi2rgb_0/U0/GenerateDebug.ILA_RefClkx"}]
display_hw_ila_data [upload_hw_ila_data [get_hw_ilas -of_objects [get_hw_devices xc7z020_1] -filter {CELL_NAME=~"img_proc_i/hdmi_decode/dvi2rgb_0/U0/GenerateDebug.ILA_RefClkx"}]]
run_hw_ila [get_hw_ilas -of_objects [get_hw_devices xc7z020_1] -filter {CELL_NAME=~"img_proc_i/hdmi_decode/dvi2rgb_0/U0/GenerateDebug.ILA_RefClkx"}]
wait_on_hw_ila [get_hw_ilas -of_objects [get_hw_devices xc7z020_1] -filter {CELL_NAME=~"img_proc_i/hdmi_decode/dvi2rgb_0/U0/GenerateDebug.ILA_RefClkx"}]
display_hw_ila_data [upload_hw_ila_data [get_hw_ilas -of_objects [get_hw_devices xc7z020_1] -filter {CELL_NAME=~"img_proc_i/hdmi_decode/dvi2rgb_0/U0/GenerateDebug.ILA_RefClkx"}]]
run_hw_ila [get_hw_ilas -of_objects [get_hw_devices xc7z020_1] -filter {CELL_NAME=~"img_proc_i/hdmi_decode/dvi2rgb_0/U0/GenerateDebug.ILA_RefClkx"}]
wait_on_hw_ila [get_hw_ilas -of_objects [get_hw_devices xc7z020_1] -filter {CELL_NAME=~"img_proc_i/hdmi_decode/dvi2rgb_0/U0/GenerateDebug.ILA_RefClkx"}]
display_hw_ila_data [upload_hw_ila_data [get_hw_ilas -of_objects [get_hw_devices xc7z020_1] -filter {CELL_NAME=~"img_proc_i/hdmi_decode/dvi2rgb_0/U0/GenerateDebug.ILA_RefClkx"}]]
open_bd_design {/home/austin/Desktop/projects/zybo/zybo_img_proc/vivado/img_proc/img_proc.srcs/sources_1/bd/img_proc/img_proc.bd}
set_property PROBES.FILE {/home/austin/Desktop/projects/zybo/zybo_img_proc/vivado/img_proc/img_proc.runs/impl_1/img_proc_wrapper.ltx} [get_hw_devices xc7z020_1]
set_property FULL_PROBES.FILE {/home/austin/Desktop/projects/zybo/zybo_img_proc/vivado/img_proc/img_proc.runs/impl_1/img_proc_wrapper.ltx} [get_hw_devices xc7z020_1]
set_property PROGRAM.FILE {/home/austin/Desktop/projects/zybo/zybo_img_proc/vivado/img_proc/img_proc.runs/impl_1/img_proc_wrapper.bit} [get_hw_devices xc7z020_1]
program_hw_devices [get_hw_devices xc7z020_1]
refresh_hw_device [lindex [get_hw_devices xc7z020_1] 0]
set_property PROBES.FILE {/home/austin/Desktop/projects/zybo/zybo_img_proc/vivado/img_proc/img_proc.runs/impl_1/img_proc_wrapper.ltx} [get_hw_devices xc7z020_1]
set_property FULL_PROBES.FILE {/home/austin/Desktop/projects/zybo/zybo_img_proc/vivado/img_proc/img_proc.runs/impl_1/img_proc_wrapper.ltx} [get_hw_devices xc7z020_1]
set_property PROGRAM.FILE {/home/austin/Desktop/projects/zybo/zybo_img_proc/vivado/img_proc/img_proc.runs/impl_1/img_proc_wrapper.bit} [get_hw_devices xc7z020_1]
program_hw_devices [get_hw_devices xc7z020_1]
refresh_hw_device [lindex [get_hw_devices xc7z020_1] 0]
open_bd_design {/home/austin/Desktop/projects/zybo/zybo_img_proc/vivado/img_proc/img_proc.srcs/sources_1/bd/img_proc/img_proc.bd}
