#-----------------------------------------------------------
# Vivado v2019.2 (64-bit)
# SW Build 2700185 on Thu Oct 24 18:45:48 MDT 2019
# IP Build 2699827 on Thu Oct 24 21:16:38 MDT 2019
# Start of session at: Sun Nov  3 01:05:36 2019
# Process ID: 12610
# Current directory: /home/austin/Desktop/projects/zybo/img_proc/vivado
# Command line: vivado
# Log file: /home/austin/Desktop/projects/zybo/img_proc/vivado/vivado.log
# Journal file: /home/austin/Desktop/projects/zybo/img_proc/vivado/vivado.jou
#-----------------------------------------------------------
start_gui
open_project /home/austin/Desktop/projects/zybo/img_proc/vivado/img_proc/img_proc.xpr
update_compile_order -fileset sources_1
open_bd_design {/home/austin/Desktop/projects/zybo/img_proc/vivado/img_proc/img_proc.srcs/sources_1/bd/img_proc/img_proc.bd}
set_property location {1 -293 422} [get_bd_cells rst_ps7_0_50M]
set_property location {4 487 714} [get_bd_cells axi_vdma_0]
set_property location {4 637 274} [get_bd_cells dvi2rgb_0]
set_property location {3 123 756} [get_bd_cells axi_vdma_0]
connect_bd_intf_net [get_bd_intf_pins v_axi4s_vid_out_0/video_in] [get_bd_intf_pins axi_vdma_0/M_AXIS_MM2S]
set_property location {2 -208 953} [get_bd_cells ps7_0_axi_periph]
connect_bd_intf_net [get_bd_intf_pins processing_system7_0/M_AXI_GP0] -boundary_type upper [get_bd_intf_pins ps7_0_axi_periph/S00_AXI]
startgroup
create_bd_intf_port -mode Master -vlnv xilinx.com:interface:ddrx_rtl:1.0 DDR
connect_bd_intf_net [get_bd_intf_pins processing_system7_0/DDR] [get_bd_intf_ports DDR]
endgroup
startgroup
create_bd_intf_port -mode Master -vlnv xilinx.com:display_processing_system7:fixedio_rtl:1.0 FIXED_IO
connect_bd_intf_net [get_bd_intf_pins processing_system7_0/FIXED_IO] [get_bd_intf_ports FIXED_IO]
endgroup
set_property location {3 159 561} [get_bd_cells axis_subset_converter_0]
connect_bd_intf_net [get_bd_intf_pins axis_subset_converter_0/M_AXIS] [get_bd_intf_pins axi_vdma_0/S_AXIS_S2MM]
set_property location {4 589 537} [get_bd_cells v_tc_0]
set_property location {2 -139 591} [get_bd_cells axis_subset_converter_0]
set_property location {2 -107 686} [get_bd_cells axis_subset_converter_0]
set_property location {5 844 569} [get_bd_cells axi_gpio_0]
set_property location {2 -134 462} [get_bd_cells rst_ps7_0_50M]
connect_bd_intf_net [get_bd_intf_pins axi_vdma_0/S_AXI_LITE] -boundary_type upper [get_bd_intf_pins ps7_0_axi_periph/M00_AXI]
set_property location {4 985 426} [get_bd_cells rst_ps7_0_50M]
set_property location {1 -165 463} [get_bd_cells v_vid_in_axi4s_0]
connect_bd_intf_net [get_bd_intf_pins axis_subset_converter_0/S_AXIS] [get_bd_intf_pins v_vid_in_axi4s_0/video_out]
set_property location {0.5 -476 695} [get_bd_cells v_vid_in_axi4s_0]
set_property location {1 -475 708} [get_bd_cells v_vid_in_axi4s_0]
set_property location {2 -126 422} [get_bd_cells dvi2rgb_0]
startgroup
create_bd_intf_port -mode Slave -vlnv digilentinc.com:interface:tmds_rtl:1.0 hdmi_in
connect_bd_intf_net [get_bd_intf_pins dvi2rgb_0/TMDS] [get_bd_intf_ports hdmi_in]
endgroup
set_property location {-678 404} [get_bd_intf_ports hdmi_in]
set_property location {2 -136 461} [get_bd_cells dvi2rgb_0]
set_property location {-686 433} [get_bd_intf_ports hdmi_in]
startgroup
create_bd_intf_port -mode Master -vlnv xilinx.com:interface:iic_rtl:1.0 hdmi_in_ddc
connect_bd_intf_net [get_bd_intf_pins dvi2rgb_0/DDC] [get_bd_intf_ports hdmi_in_ddc]
endgroup
connect_bd_net [get_bd_pins dvi2rgb_0/vid_pData] [get_bd_pins v_vid_in_axi4s_0/vid_data]
regenerate_bd_layout
create_bd_design "img_proc_test"
update_compile_order -fileset sources_1
startgroup
create_bd_cell -type ip -vlnv digilentinc.com:ip:rgb2dvi:1.4 rgb2dvi_0
endgroup
startgroup
create_bd_cell -type ip -vlnv digilentinc.com:ip:dvi2rgb:2.0 dvi2rgb_0
endgroup
set_property location {0.5 -188 -426} [get_bd_cells dvi2rgb_0]
set_property location {1 -177 -318} [get_bd_cells dvi2rgb_0]
open_bd_design {/home/austin/Desktop/projects/zybo/img_proc/vivado/img_proc/img_proc.srcs/sources_1/bd/img_proc/img_proc.bd}
open_bd_design {/home/austin/Desktop/projects/zybo/img_proc/vivado/img_proc/img_proc.srcs/sources_1/bd/img_proc_test/img_proc_test.bd}
open_bd_design {/home/austin/Desktop/projects/zybo/img_proc/vivado/img_proc/img_proc.srcs/sources_1/bd/img_proc/img_proc.bd}
open_bd_design {/home/austin/Desktop/projects/zybo/img_proc/vivado/img_proc/img_proc.srcs/sources_1/bd/img_proc_test/img_proc_test.bd}
startgroup
create_bd_intf_port -mode Slave -vlnv digilentinc.com:interface:tmds_rtl:1.0 hdmi_in
connect_bd_intf_net [get_bd_intf_pins dvi2rgb_0/TMDS] [get_bd_intf_ports hdmi_in]
endgroup
startgroup
create_bd_intf_port -mode Master -vlnv digilentinc.com:interface:tmds_rtl:1.0 hdmi_out
connect_bd_intf_net [get_bd_intf_pins rgb2dvi_0/TMDS] [get_bd_intf_ports hdmi_out]
endgroup
regenerate_bd_layout
set_property location {1.5 439 97} [get_bd_cells rgb2dvi_0]
set_property location {2.5 510 110} [get_bd_cells rgb2dvi_0]
set_property location {2 554 120} [get_bd_cells rgb2dvi_0]
set_property location {2.5 568 117} [get_bd_cells rgb2dvi_0]
set_property location {744 121} [get_bd_intf_ports hdmi_out]
set_property location {1 69 99} [get_bd_cells dvi2rgb_0]
connect_bd_intf_net [get_bd_intf_pins dvi2rgb_0/RGB] [get_bd_intf_pins rgb2dvi_0/RGB]
set_property location {2 569 93} [get_bd_cells rgb2dvi_0]
set_property location {2 570 75} [get_bd_cells rgb2dvi_0]
set_property location {2 577 84} [get_bd_cells rgb2dvi_0]
startgroup
apply_bd_automation -rule xilinx.com:bd_rule:board -config { Board_Interface {hdmi_in_ddc ( HDMI In ) } Manual_Source {Auto}}  [get_bd_intf_pins dvi2rgb_0/DDC]
apply_bd_automation -rule xilinx.com:bd_rule:clkrst -config { Clk {New Clocking Wizard} Freq {100} Ref_Clk0 {} Ref_Clk1 {} Ref_Clk2 {}}  [get_bd_pins dvi2rgb_0/RefClk]
apply_bd_automation -rule xilinx.com:bd_rule:clkrst -config { Clk {New Clocking Wizard} Freq {100} Ref_Clk0 {} Ref_Clk1 {} Ref_Clk2 {}}  [get_bd_pins rgb2dvi_0/PixelClk]
endgroup
startgroup
apply_bd_automation -rule xilinx.com:bd_rule:board -config { Board_Interface {sys_clock ( System Clock ) } Manual_Source {New External Port (ACTIVE_LOW)}}  [get_bd_pins clk_wiz/clk_in1]
apply_bd_automation -rule xilinx.com:bd_rule:board -config { Manual_Source {New External Port (ACTIVE_HIGH)}}  [get_bd_pins clk_wiz/reset]
apply_bd_automation -rule xilinx.com:bd_rule:board -config { Board_Interface {sys_clock ( System Clock ) } Manual_Source {New External Port (ACTIVE_LOW)}}  [get_bd_pins clk_wiz_1/clk_in1]
apply_bd_automation -rule xilinx.com:bd_rule:board -config { Manual_Source {New External Port (ACTIVE_HIGH)}}  [get_bd_pins clk_wiz_1/reset]
endgroup
regenerate_bd_layout
set_property location {3 624 41} [get_bd_cells rgb2dvi_0]
set_property location {3.5 700 40} [get_bd_cells rgb2dvi_0]
set_property location {0.5 -1 264} [get_bd_cells clk_wiz]
regenerate_bd_layout
set_property location {0.5 11 268} [get_bd_cells clk_wiz]
set_property location {3.5 683 83} [get_bd_cells rgb2dvi_0]
undo
undo
undo
regenerate_bd_layout
set_property location {0.5 28 266} [get_bd_cells clk_wiz]
set_property location {3.5 668 78} [get_bd_cells rgb2dvi_0]
set_property location {879 207} [get_bd_intf_ports hdmi_in_ddc]
set_property location {2 349 216} [get_bd_cells dvi2rgb_0]
set_property location {882 208} [get_bd_intf_ports hdmi_in_ddc]
set_property location {894 201} [get_bd_intf_ports hdmi_in_ddc]
set_property location {885 61} [get_bd_intf_ports hdmi_out]
startgroup
set_property -dict [list CONFIG.kClkRange {1}] [get_bd_cells dvi2rgb_0]
endgroup
regenerate_bd_layout
set_property location {3.5 877 104} [get_bd_cells rgb2dvi_0]
set_property location {2.5 779 98} [get_bd_cells rgb2dvi_0]
validate_bd_design
set_property location {855 288} [get_bd_intf_ports hdmi_in_ddc]
delete_bd_objs [get_bd_intf_nets dvi2rgb_0_DDC] [get_bd_intf_ports hdmi_in_ddc]
validate_bd_design
apply_bd_automation -rule xilinx.com:bd_rule:board -config { Board_Interface {hdmi_in_ddc ( HDMI In ) } Manual_Source {Auto}}  [get_bd_intf_pins dvi2rgb_0/DDC]
validate_bd_design
set_property location {-50 245} [get_bd_intf_ports hdmi_in]
set_property location {3.5 845 103} [get_bd_cells rgb2dvi_0]
set_property location {2.5 724 102} [get_bd_cells rgb2dvi_0]
set_property location {3.5 946 104} [get_bd_cells rgb2dvi_0]
set_property location {2.5 796 102} [get_bd_cells rgb2dvi_0]
set_property location {3 696 97} [get_bd_cells rgb2dvi_0]
set_property location {3.5 977 96} [get_bd_cells rgb2dvi_0]
set_property location {2.5 791 105} [get_bd_cells rgb2dvi_0]
set_property location {1025 61} [get_bd_intf_ports hdmi_out]
set_property location {1030 288} [get_bd_intf_ports hdmi_in_ddc]
regenerate_bd_layout
set_property location {3 688 16} [get_bd_cells rgb2dvi_0]
regenerate_bd_layout
set_property location {3.5 824 282} [get_bd_cells rgb2dvi_0]
set_property location {993 83} [get_bd_intf_ports hdmi_in_ddc]
save_bd_design
current_bd_design [get_bd_designs img_proc]
save_bd_design
current_bd_design [get_bd_designs img_proc_test]
make_wrapper -files [get_files /home/austin/Desktop/projects/zybo/img_proc/vivado/img_proc/img_proc.srcs/sources_1/bd/img_proc_test/img_proc_test.bd] -top
import_files -force -norecurse /home/austin/Desktop/projects/zybo/img_proc/vivado/img_proc/img_proc.srcs/sources_1/bd/img_proc_test/hdl/img_proc_test_wrapper.vhd
update_compile_order -fileset sources_1
launch_runs impl_1 -to_step write_bitstream -jobs 12
wait_on_run impl_1
connect_bd_net [get_bd_pins rgb2dvi_0/aRst] [get_bd_pins dvi2rgb_0/aRst]
regenerate_bd_layout
set_property location {3.5 848 324} [get_bd_cells rgb2dvi_0]
delete_bd_objs [get_bd_nets clk_wiz_1_clk_out1]
connect_bd_net [get_bd_pins dvi2rgb_0/PixelClk] [get_bd_pins rgb2dvi_0/PixelClk]
delete_bd_objs [get_bd_nets reset_rtl_0_1] [get_bd_cells clk_wiz_1]
delete_bd_objs [get_bd_nets clk_wiz_clk_out1] [get_bd_nets reset_rtl_1] [get_bd_nets sys_clock_1] [get_bd_cells clk_wiz]
delete_bd_objs [get_bd_ports reset_rtl]
delete_bd_objs [get_bd_ports sys_clock]
startgroup
create_bd_cell -type ip -vlnv xilinx.com:ip:processing_system7:5.5 processing_system7_0
endgroup
delete_bd_objs [get_bd_ports reset_rtl_0]
set_property location {2 441 -141} [get_bd_cells processing_system7_0]
connect_bd_net [get_bd_pins processing_system7_0/FCLK_CLK0] [get_bd_pins dvi2rgb_0/RefClk]
regenerate_bd_layout
apply_bd_automation -rule xilinx.com:bd_rule:processing_system7 -config {make_external "FIXED_IO, DDR" apply_board_preset "1" Master "Disable" Slave "Disable" }  [get_bd_cells processing_system7_0]
regenerate_bd_layout
delete_bd_objs [get_bd_nets Net]
delete_bd_objs [get_bd_nets dvi2rgb_0_PixelClk]
regenerate_bd_layout
apply_bd_automation -rule xilinx.com:bd_rule:clkrst -config { Clk {/processing_system7_0/FCLK_CLK0 (50 MHz)} Freq {100} Ref_Clk0 {} Ref_Clk1 {} Ref_Clk2 {}}  [get_bd_pins rgb2dvi_0/PixelClk]
regenerate_bd_layout
validate_bd_design
connect_bd_net [get_bd_pins processing_system7_0/FCLK_CLK0] [get_bd_pins processing_system7_0/M_AXI_GP0_ACLK]
regenerate_bd_layout
validate_bd_design
startgroup
create_bd_cell -type ip -vlnv xilinx.com:ip:proc_sys_reset:5.0 proc_sys_reset_0
endgroup
startgroup
apply_bd_automation -rule xilinx.com:bd_rule:board -config { Manual_Source {Auto}}  [get_bd_pins proc_sys_reset_0/ext_reset_in]
apply_bd_automation -rule xilinx.com:bd_rule:clkrst -config { Clk {/processing_system7_0/FCLK_CLK0 (50 MHz)} Freq {100} Ref_Clk0 {} Ref_Clk1 {} Ref_Clk2 {}}  [get_bd_pins proc_sys_reset_0/slowest_sync_clk]
endgroup
regenerate_bd_layout
validate_bd_design
save_bd_design
reset_run synth_1
launch_runs impl_1 -to_step write_bitstream -jobs 12
wait_on_run impl_1
startgroup
create_bd_cell -type ip -vlnv digilentinc.com:ip:axi_dynclk:1.0 axi_dynclk_0
endgroup
set_property location {0.5 -121 196} [get_bd_cells axi_dynclk_0]
startgroup
apply_bd_automation -rule xilinx.com:bd_rule:clkrst -config { Clk {/processing_system7_0/FCLK_CLK0 (50 MHz)} Freq {100} Ref_Clk0 {} Ref_Clk1 {} Ref_Clk2 {}}  [get_bd_pins axi_dynclk_0/REF_CLK_I]
apply_bd_automation -rule xilinx.com:bd_rule:axi4 -config { Clk_master {/processing_system7_0/FCLK_CLK0 (50 MHz)} Clk_slave {Auto} Clk_xbar {Auto} Master {/processing_system7_0/M_AXI_GP0} Slave {/axi_dynclk_0/s00_axi} ddr_seg {Auto} intc_ip {New AXI Interconnect} master_apm {0}}  [get_bd_intf_pins axi_dynclk_0/s00_axi]
endgroup
regenerate_bd_layout
validate_bd_design
disconnect_bd_net /processing_system7_0_FCLK_CLK0 [get_bd_pins rgb2dvi_0/PixelClk]
apply_bd_automation -rule xilinx.com:bd_rule:clkrst -config { Clk {/processing_system7_0/FCLK_CLK0 (50 MHz)} Freq {100} Ref_Clk0 {} Ref_Clk1 {} Ref_Clk2 {}}  [get_bd_pins rgb2dvi_0/PixelClk]
disconnect_bd_net /processing_system7_0_FCLK_CLK0 [get_bd_pins rgb2dvi_0/PixelClk]
connect_bd_net [get_bd_pins rgb2dvi_0/PixelClk] [get_bd_pins axi_dynclk_0/PXL_CLK_O]
startgroup
set_property -dict [list CONFIG.kGenerateSerialClk {false}] [get_bd_cells rgb2dvi_0]
endgroup
connect_bd_net [get_bd_pins axi_dynclk_0/PXL_CLK_5X_O] [get_bd_pins rgb2dvi_0/SerialClk]
regenerate_bd_layout
regenerate_bd_layout
connect_bd_net [get_bd_pins rgb2dvi_0/aRst] [get_bd_pins proc_sys_reset_0/peripheral_reset]
regenerate_bd_layout
delete_bd_objs [get_bd_intf_nets dvi2rgb_0_DDC] [get_bd_intf_ports hdmi_in_ddc]
validate_bd_design
startgroup
create_bd_port -dir I hdmi_tx_scl
connect_bd_net [get_bd_pins /dvi2rgb_0/SCL_I] [get_bd_ports hdmi_tx_scl]
endgroup
startgroup
create_bd_port -dir I hdmi_tx_sda
connect_bd_net [get_bd_pins /dvi2rgb_0/SDA_I] [get_bd_ports hdmi_tx_sda]
endgroup
startgroup
create_bd_port -dir O hdmi_rx_scl
connect_bd_net [get_bd_pins /dvi2rgb_0/SCL_O] [get_bd_ports hdmi_rx_scl]
endgroup
startgroup
create_bd_port -dir O hdmi_rx_sda
connect_bd_net [get_bd_pins /dvi2rgb_0/SDA_O] [get_bd_ports hdmi_rx_sda]
endgroup
regenerate_bd_layout
validate_bd_design
validate_bd_design -force
save_bd_design
reset_run synth_1
reset_run img_proc_test_rgb2dvi_0_0_synth_1
launch_runs impl_1 -to_step write_bitstream -jobs 12
wait_on_run impl_1
delete_bd_objs [get_bd_nets hdmi_tx_scl_1] [get_bd_ports hdmi_tx_scl]
delete_bd_objs [get_bd_nets dvi2rgb_0_SCL_O] [get_bd_ports hdmi_rx_scl]
delete_bd_objs [get_bd_nets dvi2rgb_0_SDA_O] [get_bd_ports hdmi_rx_sda]
delete_bd_objs [get_bd_nets hdmi_tx_sda_1] [get_bd_ports hdmi_tx_sda]
startgroup
create_bd_intf_port -mode Master -vlnv xilinx.com:interface:iic_rtl:1.0 DDC
connect_bd_intf_net [get_bd_intf_pins dvi2rgb_0/DDC] [get_bd_intf_ports DDC]
endgroup
regenerate_bd_layout
validate_bd_design
save_bd_design
validate_bd_design -force
disconnect_bd_net /processing_system7_0_FCLK_CLK0 [get_bd_pins axi_dynclk_0/REF_CLK_I]
validate_bd_design
connect_bd_net [get_bd_pins axi_dynclk_0/REF_CLK_I] [get_bd_pins processing_system7_0/FCLK_CLK0]
disconnect_bd_net /processing_system7_0_FCLK_CLK0 [get_bd_pins axi_dynclk_0/REF_CLK_I]
startgroup
set_property -dict [list CONFIG.PCW_EN_CLK1_PORT {1}] [get_bd_cells processing_system7_0]
endgroup
connect_bd_net [get_bd_pins processing_system7_0/FCLK_CLK1] [get_bd_pins axi_dynclk_0/REF_CLK_I]
regenerate_bd_layout
validate_bd_design
validate_bd_design -force
delete_bd_objs [get_bd_nets axi_dynclk_0_PXL_CLK_5X_O]
startgroup
set_property -dict [list CONFIG.kGenerateSerialClk {true}] [get_bd_cells rgb2dvi_0]
endgroup
regenerate_bd_layout
validate_bd_design
save_bd_design
reset_run synth_1
reset_run img_proc_test_rgb2dvi_0_0_synth_1
reset_run img_proc_test_processing_system7_0_0_synth_1
launch_runs impl_1 -to_step write_bitstream -jobs 12
wait_on_run impl_1
make_wrapper -files [get_files /home/austin/Desktop/projects/zybo/img_proc/vivado/img_proc/img_proc.srcs/sources_1/bd/img_proc_test/img_proc_test.bd] -top
import_files -force -norecurse /home/austin/Desktop/projects/zybo/img_proc/vivado/img_proc/img_proc.srcs/sources_1/bd/img_proc_test/hdl/img_proc_test_wrapper.vhd
reset_run synth_1
launch_runs impl_1 -to_step write_bitstream -jobs 12
wait_on_run impl_1
validate_bd_design -force
delete_bd_objs [get_bd_intf_nets processing_system7_0_FIXED_IO] [get_bd_nets processing_system7_0_FCLK_RESET0_N] [get_bd_intf_nets processing_system7_0_M_AXI_GP0] [get_bd_nets processing_system7_0_FCLK_CLK1] [get_bd_intf_nets processing_system7_0_DDR] [get_bd_cells processing_system7_0]
delete_bd_objs [get_bd_nets proc_sys_reset_0_peripheral_reset] [get_bd_cells proc_sys_reset_0]
delete_bd_objs [get_bd_intf_nets ps7_0_axi_periph_M00_AXI] [get_bd_nets proc_sys_reset_0_peripheral_aresetn] [get_bd_cells ps7_0_axi_periph]
delete_bd_objs [get_bd_nets axi_dynclk_0_PXL_CLK_O] [get_bd_nets processing_system7_0_FCLK_CLK0] [get_bd_cells axi_dynclk_0]
delete_bd_objs [get_bd_intf_ports DDR]
delete_bd_objs [get_bd_intf_ports FIXED_IO]
connect_bd_net [get_bd_pins dvi2rgb_0/PixelClk] [get_bd_pins rgb2dvi_0/PixelClk]
regenerate_bd_layout
set_property location {2.5 526 73} [get_bd_cells rgb2dvi_0]
set_property location {2.5 584 70} [get_bd_cells rgb2dvi_0]
validate_bd_design
validate_bd_design
apply_bd_automation -rule xilinx.com:bd_rule:clkrst -config { Clk {New Clocking Wizard} Freq {100} Ref_Clk0 {} Ref_Clk1 {} Ref_Clk2 {}}  [get_bd_pins dvi2rgb_0/RefClk]
regenerate_bd_layout
apply_bd_automation -rule xilinx.com:bd_rule:board -config { Board_Interface {sys_clock ( System Clock ) } Manual_Source {New External Port (ACTIVE_LOW)}}  [get_bd_pins clk_wiz/clk_in1]
regenerate_bd_layout
set_property location {3.5 673 81} [get_bd_cells rgb2dvi_0]
set_property location {0.5 10 216} [get_bd_cells clk_wiz]
validate_bd_design
make_wrapper -files [get_files /home/austin/Desktop/projects/zybo/img_proc/vivado/img_proc/img_proc.srcs/sources_1/bd/img_proc_test/img_proc_test.bd] -top
import_files -force -norecurse /home/austin/Desktop/projects/zybo/img_proc/vivado/img_proc/img_proc.srcs/sources_1/bd/img_proc_test/hdl/img_proc_test_wrapper.vhd
reset_run synth_1
launch_runs impl_1 -to_step write_bitstream -jobs 12
wait_on_run impl_1
make_wrapper -files [get_files /home/austin/Desktop/projects/zybo/img_proc/vivado/img_proc/img_proc.srcs/sources_1/bd/img_proc_test/img_proc_test.bd] -top
import_files -force -norecurse /home/austin/Desktop/projects/zybo/img_proc/vivado/img_proc/img_proc.srcs/sources_1/bd/img_proc_test/hdl/img_proc_test_wrapper.vhd
validate_bd_design -force
save_bd_design
make_wrapper -files [get_files /home/austin/Desktop/projects/zybo/img_proc/vivado/img_proc/img_proc.srcs/sources_1/bd/img_proc_test/img_proc_test.bd] -top
import_files -force -norecurse /home/austin/Desktop/projects/zybo/img_proc/vivado/img_proc/img_proc.srcs/sources_1/bd/img_proc_test/hdl/img_proc_test_wrapper.vhd
reset_run synth_1
launch_runs impl_1 -to_step write_bitstream -jobs 12
wait_on_run impl_1
regenerate_bd_layout
set_property location {3.5 769 104} [get_bd_cells rgb2dvi_0]
set_property location {0.5 23 260} [get_bd_cells clk_wiz]
set_property location {3.5 914 106} [get_bd_cells rgb2dvi_0]
set_property location {2.5 698 91} [get_bd_cells rgb2dvi_0]
set_property location {1017 39} [get_bd_intf_ports hdmi_out]
regenerate_bd_layout
startgroup
create_bd_cell -type ip -vlnv xilinx.com:ip:xlconstant:1.1 xlconstant_0
endgroup
set_property location {4 757 -64} [get_bd_cells xlconstant_0]
delete_bd_objs [get_bd_cells xlconstant_0]
regenerate_bd_layout
save_bd_design
open_hw_manager
connect_hw_server -allow_non_jtag
open_hw_target
set_property PROGRAM.FILE {/home/austin/Desktop/projects/zybo/img_proc/vivado/img_proc/img_proc.runs/impl_1/img_proc_test_wrapper.bit} [get_hw_devices xc7z020_1]
set_property PROBES.FILE {/home/austin/Desktop/projects/zybo/img_proc/vivado/img_proc/img_proc.runs/impl_1/img_proc_test_wrapper.ltx} [get_hw_devices xc7z020_1]
set_property FULL_PROBES.FILE {/home/austin/Desktop/projects/zybo/img_proc/vivado/img_proc/img_proc.runs/impl_1/img_proc_test_wrapper.ltx} [get_hw_devices xc7z020_1]
current_hw_device [get_hw_devices xc7z020_1]
refresh_hw_device [lindex [get_hw_devices xc7z020_1] 0]
set_property PROBES.FILE {/home/austin/Desktop/projects/zybo/img_proc/vivado/img_proc/img_proc.runs/impl_1/img_proc_test_wrapper.ltx} [get_hw_devices xc7z020_1]
set_property FULL_PROBES.FILE {/home/austin/Desktop/projects/zybo/img_proc/vivado/img_proc/img_proc.runs/impl_1/img_proc_test_wrapper.ltx} [get_hw_devices xc7z020_1]
set_property PROGRAM.FILE {/home/austin/Desktop/projects/zybo/img_proc/vivado/img_proc/img_proc.runs/impl_1/img_proc_test_wrapper.bit} [get_hw_devices xc7z020_1]
program_hw_devices [get_hw_devices xc7z020_1]
refresh_hw_device [lindex [get_hw_devices xc7z020_1] 0]
display_hw_ila_data [ get_hw_ila_data hw_ila_data_1 -of_objects [get_hw_ilas -of_objects [get_hw_devices xc7z020_1] -filter {CELL_NAME=~"img_proc_test_i/dvi2rgb_0/U0/GenerateDebug.ILA_PixClkx"}]]
display_hw_ila_data [ get_hw_ila_data hw_ila_data_2 -of_objects [get_hw_ilas -of_objects [get_hw_devices xc7z020_1] -filter {CELL_NAME=~"img_proc_test_i/dvi2rgb_0/U0/GenerateDebug.ILA_RefClkx"}]]
run_hw_ila [get_hw_ilas -of_objects [get_hw_devices xc7z020_1] -filter {CELL_NAME=~"img_proc_test_i/dvi2rgb_0/U0/GenerateDebug.ILA_PixClkx"}]
open_bd_design {/home/austin/Desktop/projects/zybo/img_proc/vivado/img_proc/img_proc.srcs/sources_1/bd/img_proc_test/img_proc_test.bd}
set_property location {0.5 32 259} [get_bd_cells clk_wiz]
startgroup
set_property -dict [list CONFIG.PRIMITIVE {PLL} CONFIG.CLKOUT1_DRIVES {BUFG} CONFIG.CLKOUT2_DRIVES {BUFG} CONFIG.CLKOUT3_DRIVES {BUFG} CONFIG.CLKOUT4_DRIVES {BUFG} CONFIG.CLKOUT5_DRIVES {BUFG} CONFIG.CLKOUT6_DRIVES {BUFG} CONFIG.CLKOUT7_DRIVES {BUFG} CONFIG.FEEDBACK_SOURCE {FDBK_AUTO} CONFIG.MMCM_DIVCLK_DIVIDE {5} CONFIG.MMCM_BANDWIDTH {OPTIMIZED} CONFIG.MMCM_CLKFBOUT_MULT_F {36} CONFIG.MMCM_CLKIN2_PERIOD {10.0} CONFIG.MMCM_COMPENSATION {ZHOLD} CONFIG.MMCM_CLKOUT0_DIVIDE_F {9} CONFIG.CLKOUT1_JITTER {237.312} CONFIG.CLKOUT1_PHASE_ERROR {249.865}] [get_bd_cells clk_wiz]
endgroup
startgroup
create_bd_cell -type ip -vlnv xilinx.com:ip:ila:6.2 ila_0
endgroup
delete_bd_objs [get_bd_cells ila_0]
set_property location {1.5 141 263} [get_bd_cells clk_wiz]
set_property location {3 835 102} [get_bd_cells rgb2dvi_0]
set_property location {2 401 220} [get_bd_cells dvi2rgb_0]
set_property location {3.5 866 101} [get_bd_cells rgb2dvi_0]
regenerate_bd_layout
set_property location {3.5 717 83} [get_bd_cells rgb2dvi_0]
set_property location {2.5 462 182} [get_bd_cells dvi2rgb_0]
regenerate_bd_layout
set_property location {3.5 786 81} [get_bd_cells rgb2dvi_0]
set_property location {2.5 443 185} [get_bd_cells dvi2rgb_0]
startgroup
create_bd_cell -type ip -vlnv xilinx.com:ip:xlconstant:1.1 xlconstant_0
endgroup
startgroup
create_bd_port -dir O -from 0 -to 0 hdmi_tx_hpd
connect_bd_net [get_bd_pins /xlconstant_0/dout] [get_bd_ports hdmi_tx_hpd]
endgroup
regenerate_bd_layout
apply_bd_automation -rule xilinx.com:bd_rule:board -config { Manual_Source {New External Port (ACTIVE_HIGH)}}  [get_bd_pins clk_wiz/reset]
regenerate_bd_layout
validate_bd_design
save_bd_design
make_wrapper -files [get_files /home/austin/Desktop/projects/zybo/img_proc/vivado/img_proc/img_proc.srcs/sources_1/bd/img_proc_test/img_proc_test.bd] -top
import_files -force -norecurse /home/austin/Desktop/projects/zybo/img_proc/vivado/img_proc/img_proc.srcs/sources_1/bd/img_proc_test/hdl/img_proc_test_wrapper.vhd
reset_run synth_1
launch_runs impl_1 -to_step write_bitstream -jobs 12
wait_on_run impl_1
open_run impl_1
open_bd_design {/home/austin/Desktop/projects/zybo/img_proc/vivado/img_proc/img_proc.srcs/sources_1/bd/img_proc_test/img_proc_test.bd}
delete_bd_objs [get_bd_nets reset_rtl_1] [get_bd_ports reset_rtl]
regenerate_bd_layout
validate_bd_design
make_wrapper -files [get_files /home/austin/Desktop/projects/zybo/img_proc/vivado/img_proc/img_proc.srcs/sources_1/bd/img_proc_test/img_proc_test.bd] -top
import_files -force -norecurse /home/austin/Desktop/projects/zybo/img_proc/vivado/img_proc/img_proc.srcs/sources_1/bd/img_proc_test/hdl/img_proc_test_wrapper.vhd
reset_run synth_1
launch_runs impl_1 -to_step write_bitstream -jobs 12
wait_on_run impl_1
set_property PROBES.FILE {/home/austin/Desktop/projects/zybo/img_proc/vivado/img_proc/img_proc.runs/impl_1/img_proc_test_wrapper.ltx} [get_hw_devices xc7z020_1]
set_property FULL_PROBES.FILE {/home/austin/Desktop/projects/zybo/img_proc/vivado/img_proc/img_proc.runs/impl_1/img_proc_test_wrapper.ltx} [get_hw_devices xc7z020_1]
set_property PROGRAM.FILE {/home/austin/Desktop/projects/zybo/img_proc/vivado/img_proc/img_proc.runs/impl_1/img_proc_test_wrapper.bit} [get_hw_devices xc7z020_1]
program_hw_devices [get_hw_devices xc7z020_1]
refresh_hw_device [lindex [get_hw_devices xc7z020_1] 0]
display_hw_ila_data [ get_hw_ila_data hw_ila_data_1 -of_objects [get_hw_ilas -of_objects [get_hw_devices xc7z020_1] -filter {CELL_NAME=~"img_proc_test_i/dvi2rgb_0/U0/GenerateDebug.ILA_PixClkx"}]]
display_hw_ila_data [ get_hw_ila_data hw_ila_data_2 -of_objects [get_hw_ilas -of_objects [get_hw_devices xc7z020_1] -filter {CELL_NAME=~"img_proc_test_i/dvi2rgb_0/U0/GenerateDebug.ILA_RefClkx"}]]
run_hw_ila [get_hw_ilas -of_objects [get_hw_devices xc7z020_1] -filter {CELL_NAME=~"img_proc_test_i/dvi2rgb_0/U0/GenerateDebug.ILA_PixClkx"}]
run_hw_ila [get_hw_ilas -of_objects [get_hw_devices xc7z020_1] -filter {CELL_NAME=~"img_proc_test_i/dvi2rgb_0/U0/GenerateDebug.ILA_PixClkx"}]
open_bd_design {/home/austin/Desktop/projects/zybo/img_proc/vivado/img_proc/img_proc.srcs/sources_1/bd/img_proc_test/img_proc_test.bd}
startgroup
create_bd_cell -type ip -vlnv xilinx.com:ip:ila:6.2 ila_0
endgroup
run_hw_ila [get_hw_ilas -of_objects [get_hw_devices xc7z020_1] -filter {CELL_NAME=~"img_proc_test_i/dvi2rgb_0/U0/GenerateDebug.ILA_PixClkx"}]
run_hw_ila [get_hw_ilas -of_objects [get_hw_devices xc7z020_1] -filter {CELL_NAME=~"img_proc_test_i/dvi2rgb_0/U0/GenerateDebug.ILA_PixClkx"}] -trigger_now
run_hw_ila [get_hw_ilas -of_objects [get_hw_devices xc7z020_1] -filter {CELL_NAME=~"img_proc_test_i/dvi2rgb_0/U0/GenerateDebug.ILA_PixClkx"}]
run_hw_ila [get_hw_ilas -of_objects [get_hw_devices xc7z020_1] -filter {CELL_NAME=~"img_proc_test_i/dvi2rgb_0/U0/GenerateDebug.ILA_PixClkx"}]
run_hw_ila [get_hw_ilas -of_objects [get_hw_devices xc7z020_1] -filter {CELL_NAME=~"img_proc_test_i/dvi2rgb_0/U0/GenerateDebug.ILA_RefClkx"}]
wait_on_hw_ila [get_hw_ilas -of_objects [get_hw_devices xc7z020_1] -filter {CELL_NAME=~"img_proc_test_i/dvi2rgb_0/U0/GenerateDebug.ILA_RefClkx"}]
display_hw_ila_data [upload_hw_ila_data [get_hw_ilas -of_objects [get_hw_devices xc7z020_1] -filter {CELL_NAME=~"img_proc_test_i/dvi2rgb_0/U0/GenerateDebug.ILA_RefClkx"}]]
run_hw_ila [get_hw_ilas -of_objects [get_hw_devices xc7z020_1] -filter {CELL_NAME=~"img_proc_test_i/dvi2rgb_0/U0/GenerateDebug.ILA_RefClkx"}]
wait_on_hw_ila [get_hw_ilas -of_objects [get_hw_devices xc7z020_1] -filter {CELL_NAME=~"img_proc_test_i/dvi2rgb_0/U0/GenerateDebug.ILA_RefClkx"}]
display_hw_ila_data [upload_hw_ila_data [get_hw_ilas -of_objects [get_hw_devices xc7z020_1] -filter {CELL_NAME=~"img_proc_test_i/dvi2rgb_0/U0/GenerateDebug.ILA_RefClkx"}]]
run_hw_ila [get_hw_ilas -of_objects [get_hw_devices xc7z020_1] -filter {CELL_NAME=~"img_proc_test_i/dvi2rgb_0/U0/GenerateDebug.ILA_RefClkx"}]
wait_on_hw_ila [get_hw_ilas -of_objects [get_hw_devices xc7z020_1] -filter {CELL_NAME=~"img_proc_test_i/dvi2rgb_0/U0/GenerateDebug.ILA_RefClkx"}]
display_hw_ila_data [upload_hw_ila_data [get_hw_ilas -of_objects [get_hw_devices xc7z020_1] -filter {CELL_NAME=~"img_proc_test_i/dvi2rgb_0/U0/GenerateDebug.ILA_RefClkx"}]]
set_property CORE_REFRESH_RATE_MS 1000 [get_hw_ilas -of_objects [get_hw_devices xc7z020_1] -filter {CELL_NAME=~"img_proc_test_i/dvi2rgb_0/U0/GenerateDebug.ILA_RefClkx"}]
run_hw_ila [get_hw_ilas -of_objects [get_hw_devices xc7z020_1] -filter {CELL_NAME=~"img_proc_test_i/dvi2rgb_0/U0/GenerateDebug.ILA_RefClkx"}]
wait_on_hw_ila [get_hw_ilas -of_objects [get_hw_devices xc7z020_1] -filter {CELL_NAME=~"img_proc_test_i/dvi2rgb_0/U0/GenerateDebug.ILA_RefClkx"}]
display_hw_ila_data [upload_hw_ila_data [get_hw_ilas -of_objects [get_hw_devices xc7z020_1] -filter {CELL_NAME=~"img_proc_test_i/dvi2rgb_0/U0/GenerateDebug.ILA_RefClkx"}]]
set_property CORE_REFRESH_RATE_MS 500 [get_hw_ilas -of_objects [get_hw_devices xc7z020_1] -filter {CELL_NAME=~"img_proc_test_i/dvi2rgb_0/U0/GenerateDebug.ILA_RefClkx"}]
run_hw_ila [get_hw_ilas -of_objects [get_hw_devices xc7z020_1] -filter {CELL_NAME=~"img_proc_test_i/dvi2rgb_0/U0/GenerateDebug.ILA_RefClkx"}]
wait_on_hw_ila [get_hw_ilas -of_objects [get_hw_devices xc7z020_1] -filter {CELL_NAME=~"img_proc_test_i/dvi2rgb_0/U0/GenerateDebug.ILA_RefClkx"}]
display_hw_ila_data [upload_hw_ila_data [get_hw_ilas -of_objects [get_hw_devices xc7z020_1] -filter {CELL_NAME=~"img_proc_test_i/dvi2rgb_0/U0/GenerateDebug.ILA_RefClkx"}]]
set_property CORE_REFRESH_RATE_MS 1000 [get_hw_ilas -of_objects [get_hw_devices xc7z020_1] -filter {CELL_NAME=~"img_proc_test_i/dvi2rgb_0/U0/GenerateDebug.ILA_RefClkx"}]
run_hw_ila [get_hw_ilas -of_objects [get_hw_devices xc7z020_1] -filter {CELL_NAME=~"img_proc_test_i/dvi2rgb_0/U0/GenerateDebug.ILA_RefClkx"}]
wait_on_hw_ila [get_hw_ilas -of_objects [get_hw_devices xc7z020_1] -filter {CELL_NAME=~"img_proc_test_i/dvi2rgb_0/U0/GenerateDebug.ILA_RefClkx"}]
display_hw_ila_data [upload_hw_ila_data [get_hw_ilas -of_objects [get_hw_devices xc7z020_1] -filter {CELL_NAME=~"img_proc_test_i/dvi2rgb_0/U0/GenerateDebug.ILA_RefClkx"}]]
run_hw_ila [get_hw_ilas -of_objects [get_hw_devices xc7z020_1] -filter {CELL_NAME=~"img_proc_test_i/dvi2rgb_0/U0/GenerateDebug.ILA_RefClkx"}]
wait_on_hw_ila [get_hw_ilas -of_objects [get_hw_devices xc7z020_1] -filter {CELL_NAME=~"img_proc_test_i/dvi2rgb_0/U0/GenerateDebug.ILA_RefClkx"}]
display_hw_ila_data [upload_hw_ila_data [get_hw_ilas -of_objects [get_hw_devices xc7z020_1] -filter {CELL_NAME=~"img_proc_test_i/dvi2rgb_0/U0/GenerateDebug.ILA_RefClkx"}]]
run_hw_ila [get_hw_ilas -of_objects [get_hw_devices xc7z020_1] -filter {CELL_NAME=~"img_proc_test_i/dvi2rgb_0/U0/GenerateDebug.ILA_RefClkx"}]
wait_on_hw_ila [get_hw_ilas -of_objects [get_hw_devices xc7z020_1] -filter {CELL_NAME=~"img_proc_test_i/dvi2rgb_0/U0/GenerateDebug.ILA_RefClkx"}]
display_hw_ila_data [upload_hw_ila_data [get_hw_ilas -of_objects [get_hw_devices xc7z020_1] -filter {CELL_NAME=~"img_proc_test_i/dvi2rgb_0/U0/GenerateDebug.ILA_RefClkx"}]]
run_hw_ila [get_hw_ilas -of_objects [get_hw_devices xc7z020_1] -filter {CELL_NAME=~"img_proc_test_i/dvi2rgb_0/U0/GenerateDebug.ILA_RefClkx"}]
wait_on_hw_ila [get_hw_ilas -of_objects [get_hw_devices xc7z020_1] -filter {CELL_NAME=~"img_proc_test_i/dvi2rgb_0/U0/GenerateDebug.ILA_RefClkx"}]
display_hw_ila_data [upload_hw_ila_data [get_hw_ilas -of_objects [get_hw_devices xc7z020_1] -filter {CELL_NAME=~"img_proc_test_i/dvi2rgb_0/U0/GenerateDebug.ILA_RefClkx"}]]
run_hw_ila [get_hw_ilas -of_objects [get_hw_devices xc7z020_1] -filter {CELL_NAME=~"img_proc_test_i/dvi2rgb_0/U0/GenerateDebug.ILA_RefClkx"}]
wait_on_hw_ila [get_hw_ilas -of_objects [get_hw_devices xc7z020_1] -filter {CELL_NAME=~"img_proc_test_i/dvi2rgb_0/U0/GenerateDebug.ILA_RefClkx"}]
display_hw_ila_data [upload_hw_ila_data [get_hw_ilas -of_objects [get_hw_devices xc7z020_1] -filter {CELL_NAME=~"img_proc_test_i/dvi2rgb_0/U0/GenerateDebug.ILA_RefClkx"}]]
run_hw_ila [get_hw_ilas -of_objects [get_hw_devices xc7z020_1] -filter {CELL_NAME=~"img_proc_test_i/dvi2rgb_0/U0/GenerateDebug.ILA_RefClkx"}]
wait_on_hw_ila [get_hw_ilas -of_objects [get_hw_devices xc7z020_1] -filter {CELL_NAME=~"img_proc_test_i/dvi2rgb_0/U0/GenerateDebug.ILA_RefClkx"}]
display_hw_ila_data [upload_hw_ila_data [get_hw_ilas -of_objects [get_hw_devices xc7z020_1] -filter {CELL_NAME=~"img_proc_test_i/dvi2rgb_0/U0/GenerateDebug.ILA_RefClkx"}]]
run_hw_ila [get_hw_ilas -of_objects [get_hw_devices xc7z020_1] -filter {CELL_NAME=~"img_proc_test_i/dvi2rgb_0/U0/GenerateDebug.ILA_RefClkx"}]
wait_on_hw_ila [get_hw_ilas -of_objects [get_hw_devices xc7z020_1] -filter {CELL_NAME=~"img_proc_test_i/dvi2rgb_0/U0/GenerateDebug.ILA_RefClkx"}]
display_hw_ila_data [upload_hw_ila_data [get_hw_ilas -of_objects [get_hw_devices xc7z020_1] -filter {CELL_NAME=~"img_proc_test_i/dvi2rgb_0/U0/GenerateDebug.ILA_RefClkx"}]]
run_hw_ila [get_hw_ilas -of_objects [get_hw_devices xc7z020_1] -filter {CELL_NAME=~"img_proc_test_i/dvi2rgb_0/U0/GenerateDebug.ILA_PixClkx"}]
run_hw_ila [get_hw_ilas -of_objects [get_hw_devices xc7z020_1] -filter {CELL_NAME=~"img_proc_test_i/dvi2rgb_0/U0/GenerateDebug.ILA_RefClkx"}]
wait_on_hw_ila [get_hw_ilas -of_objects [get_hw_devices xc7z020_1] -filter {CELL_NAME=~"img_proc_test_i/dvi2rgb_0/U0/GenerateDebug.ILA_RefClkx"}]
display_hw_ila_data [upload_hw_ila_data [get_hw_ilas -of_objects [get_hw_devices xc7z020_1] -filter {CELL_NAME=~"img_proc_test_i/dvi2rgb_0/U0/GenerateDebug.ILA_RefClkx"}]]
run_hw_ila [get_hw_ilas -of_objects [get_hw_devices xc7z020_1] -filter {CELL_NAME=~"img_proc_test_i/dvi2rgb_0/U0/GenerateDebug.ILA_RefClkx"}]
wait_on_hw_ila [get_hw_ilas -of_objects [get_hw_devices xc7z020_1] -filter {CELL_NAME=~"img_proc_test_i/dvi2rgb_0/U0/GenerateDebug.ILA_RefClkx"}]
display_hw_ila_data [upload_hw_ila_data [get_hw_ilas -of_objects [get_hw_devices xc7z020_1] -filter {CELL_NAME=~"img_proc_test_i/dvi2rgb_0/U0/GenerateDebug.ILA_RefClkx"}]]
run_hw_ila [get_hw_ilas -of_objects [get_hw_devices xc7z020_1] -filter {CELL_NAME=~"img_proc_test_i/dvi2rgb_0/U0/GenerateDebug.ILA_RefClkx"}] -trigger_now
wait_on_hw_ila [get_hw_ilas -of_objects [get_hw_devices xc7z020_1] -filter {CELL_NAME=~"img_proc_test_i/dvi2rgb_0/U0/GenerateDebug.ILA_RefClkx"}]
display_hw_ila_data [upload_hw_ila_data [get_hw_ilas -of_objects [get_hw_devices xc7z020_1] -filter {CELL_NAME=~"img_proc_test_i/dvi2rgb_0/U0/GenerateDebug.ILA_RefClkx"}]]
run_hw_ila [get_hw_ilas -of_objects [get_hw_devices xc7z020_1] -filter {CELL_NAME=~"img_proc_test_i/dvi2rgb_0/U0/GenerateDebug.ILA_RefClkx"}] -trigger_now
wait_on_hw_ila [get_hw_ilas -of_objects [get_hw_devices xc7z020_1] -filter {CELL_NAME=~"img_proc_test_i/dvi2rgb_0/U0/GenerateDebug.ILA_RefClkx"}]
display_hw_ila_data [upload_hw_ila_data [get_hw_ilas -of_objects [get_hw_devices xc7z020_1] -filter {CELL_NAME=~"img_proc_test_i/dvi2rgb_0/U0/GenerateDebug.ILA_RefClkx"}]]
run_hw_ila [get_hw_ilas -of_objects [get_hw_devices xc7z020_1] -filter {CELL_NAME=~"img_proc_test_i/dvi2rgb_0/U0/GenerateDebug.ILA_RefClkx"}] -trigger_now
wait_on_hw_ila [get_hw_ilas -of_objects [get_hw_devices xc7z020_1] -filter {CELL_NAME=~"img_proc_test_i/dvi2rgb_0/U0/GenerateDebug.ILA_RefClkx"}]
display_hw_ila_data [upload_hw_ila_data [get_hw_ilas -of_objects [get_hw_devices xc7z020_1] -filter {CELL_NAME=~"img_proc_test_i/dvi2rgb_0/U0/GenerateDebug.ILA_RefClkx"}]]
run_hw_ila [get_hw_ilas -of_objects [get_hw_devices xc7z020_1] -filter {CELL_NAME=~"img_proc_test_i/dvi2rgb_0/U0/GenerateDebug.ILA_RefClkx"}] -trigger_now
wait_on_hw_ila [get_hw_ilas -of_objects [get_hw_devices xc7z020_1] -filter {CELL_NAME=~"img_proc_test_i/dvi2rgb_0/U0/GenerateDebug.ILA_RefClkx"}]
display_hw_ila_data [upload_hw_ila_data [get_hw_ilas -of_objects [get_hw_devices xc7z020_1] -filter {CELL_NAME=~"img_proc_test_i/dvi2rgb_0/U0/GenerateDebug.ILA_RefClkx"}]]
run_hw_ila [get_hw_ilas -of_objects [get_hw_devices xc7z020_1] -filter {CELL_NAME=~"img_proc_test_i/dvi2rgb_0/U0/GenerateDebug.ILA_RefClkx"}] -trigger_now
wait_on_hw_ila [get_hw_ilas -of_objects [get_hw_devices xc7z020_1] -filter {CELL_NAME=~"img_proc_test_i/dvi2rgb_0/U0/GenerateDebug.ILA_RefClkx"}]
display_hw_ila_data [upload_hw_ila_data [get_hw_ilas -of_objects [get_hw_devices xc7z020_1] -filter {CELL_NAME=~"img_proc_test_i/dvi2rgb_0/U0/GenerateDebug.ILA_RefClkx"}]]
run_hw_ila [get_hw_ilas -of_objects [get_hw_devices xc7z020_1] -filter {CELL_NAME=~"img_proc_test_i/dvi2rgb_0/U0/GenerateDebug.ILA_RefClkx"}] -trigger_now
wait_on_hw_ila [get_hw_ilas -of_objects [get_hw_devices xc7z020_1] -filter {CELL_NAME=~"img_proc_test_i/dvi2rgb_0/U0/GenerateDebug.ILA_RefClkx"}]
display_hw_ila_data [upload_hw_ila_data [get_hw_ilas -of_objects [get_hw_devices xc7z020_1] -filter {CELL_NAME=~"img_proc_test_i/dvi2rgb_0/U0/GenerateDebug.ILA_RefClkx"}]]
run_hw_ila [get_hw_ilas -of_objects [get_hw_devices xc7z020_1] -filter {CELL_NAME=~"img_proc_test_i/dvi2rgb_0/U0/GenerateDebug.ILA_RefClkx"}] -trigger_now
wait_on_hw_ila [get_hw_ilas -of_objects [get_hw_devices xc7z020_1] -filter {CELL_NAME=~"img_proc_test_i/dvi2rgb_0/U0/GenerateDebug.ILA_RefClkx"}]
display_hw_ila_data [upload_hw_ila_data [get_hw_ilas -of_objects [get_hw_devices xc7z020_1] -filter {CELL_NAME=~"img_proc_test_i/dvi2rgb_0/U0/GenerateDebug.ILA_RefClkx"}]]
run_hw_ila [get_hw_ilas -of_objects [get_hw_devices xc7z020_1] -filter {CELL_NAME=~"img_proc_test_i/dvi2rgb_0/U0/GenerateDebug.ILA_RefClkx"}] -trigger_now
wait_on_hw_ila [get_hw_ilas -of_objects [get_hw_devices xc7z020_1] -filter {CELL_NAME=~"img_proc_test_i/dvi2rgb_0/U0/GenerateDebug.ILA_RefClkx"}]
display_hw_ila_data [upload_hw_ila_data [get_hw_ilas -of_objects [get_hw_devices xc7z020_1] -filter {CELL_NAME=~"img_proc_test_i/dvi2rgb_0/U0/GenerateDebug.ILA_RefClkx"}]]
run_hw_ila [get_hw_ilas -of_objects [get_hw_devices xc7z020_1] -filter {CELL_NAME=~"img_proc_test_i/dvi2rgb_0/U0/GenerateDebug.ILA_RefClkx"}] -trigger_now
wait_on_hw_ila [get_hw_ilas -of_objects [get_hw_devices xc7z020_1] -filter {CELL_NAME=~"img_proc_test_i/dvi2rgb_0/U0/GenerateDebug.ILA_RefClkx"}]
display_hw_ila_data [upload_hw_ila_data [get_hw_ilas -of_objects [get_hw_devices xc7z020_1] -filter {CELL_NAME=~"img_proc_test_i/dvi2rgb_0/U0/GenerateDebug.ILA_RefClkx"}]]
run_hw_ila [get_hw_ilas -of_objects [get_hw_devices xc7z020_1] -filter {CELL_NAME=~"img_proc_test_i/dvi2rgb_0/U0/GenerateDebug.ILA_RefClkx"}] -trigger_now
wait_on_hw_ila [get_hw_ilas -of_objects [get_hw_devices xc7z020_1] -filter {CELL_NAME=~"img_proc_test_i/dvi2rgb_0/U0/GenerateDebug.ILA_RefClkx"}]
display_hw_ila_data [upload_hw_ila_data [get_hw_ilas -of_objects [get_hw_devices xc7z020_1] -filter {CELL_NAME=~"img_proc_test_i/dvi2rgb_0/U0/GenerateDebug.ILA_RefClkx"}]]
run_hw_ila [get_hw_ilas -of_objects [get_hw_devices xc7z020_1] -filter {CELL_NAME=~"img_proc_test_i/dvi2rgb_0/U0/GenerateDebug.ILA_RefClkx"}] -trigger_now
wait_on_hw_ila [get_hw_ilas -of_objects [get_hw_devices xc7z020_1] -filter {CELL_NAME=~"img_proc_test_i/dvi2rgb_0/U0/GenerateDebug.ILA_RefClkx"}]
display_hw_ila_data [upload_hw_ila_data [get_hw_ilas -of_objects [get_hw_devices xc7z020_1] -filter {CELL_NAME=~"img_proc_test_i/dvi2rgb_0/U0/GenerateDebug.ILA_RefClkx"}]]
run_hw_ila [get_hw_ilas -of_objects [get_hw_devices xc7z020_1] -filter {CELL_NAME=~"img_proc_test_i/dvi2rgb_0/U0/GenerateDebug.ILA_RefClkx"}] -trigger_now
wait_on_hw_ila [get_hw_ilas -of_objects [get_hw_devices xc7z020_1] -filter {CELL_NAME=~"img_proc_test_i/dvi2rgb_0/U0/GenerateDebug.ILA_RefClkx"}]
display_hw_ila_data [upload_hw_ila_data [get_hw_ilas -of_objects [get_hw_devices xc7z020_1] -filter {CELL_NAME=~"img_proc_test_i/dvi2rgb_0/U0/GenerateDebug.ILA_RefClkx"}]]
open_bd_design {/home/austin/Desktop/projects/zybo/img_proc/vivado/img_proc/img_proc.srcs/sources_1/bd/img_proc_test/img_proc_test.bd}
set_property location {2 271 -61} [get_bd_cells ila_0]
set_property -dict [list CONFIG.C_NUM_OF_PROBES {1} CONFIG.C_TRIGIN_EN {false} CONFIG.C_ENABLE_ILA_AXI_MON {false} CONFIG.C_MONITOR_TYPE {Native}] [get_bd_cells ila_0]
set_property location {1 304 358} [get_bd_cells ila_0]
delete_bd_objs [get_bd_nets xlconstant_0_dout]
connect_bd_net [get_bd_ports hdmi_tx_hpd] [get_bd_pins xlconstant_0/dout]
connect_bd_net [get_bd_pins ila_0/clk] [get_bd_pins clk_wiz/clk_out1]
connect_bd_net [get_bd_ports sys_clock] [get_bd_pins ila_0/probe0]
regenerate_bd_layout
set_property location {0.5 27 268} [get_bd_cells clk_wiz]
validate_bd_design
save_bd_design
disconnect_bd_net /clk_wiz_clk_out1 [get_bd_pins ila_0/clk]
delete_bd_objs [get_bd_nets sys_clock_1]
connect_bd_net [get_bd_ports sys_clock] [get_bd_pins clk_wiz/clk_in1]
connect_bd_net [get_bd_ports sys_clock] [get_bd_pins ila_0/clk]
connect_bd_net [get_bd_pins ila_0/probe0] [get_bd_pins clk_wiz/clk_out1]
regenerate_bd_layout
set_property location {0.5 31 249} [get_bd_cells clk_wiz]
validate_bd_design
make_wrapper -files [get_files /home/austin/Desktop/projects/zybo/img_proc/vivado/img_proc/img_proc.srcs/sources_1/bd/img_proc_test/img_proc_test.bd] -top
import_files -force -norecurse /home/austin/Desktop/projects/zybo/img_proc/vivado/img_proc/img_proc.srcs/sources_1/bd/img_proc_test/hdl/img_proc_test_wrapper.vhd
reset_run synth_1
launch_runs impl_1 -to_step write_bitstream -jobs 12
wait_on_run impl_1
delete_bd_objs [get_bd_cells ila_0]
regenerate_bd_layout
validate_bd_design
save_bd_design
make_wrapper -files [get_files /home/austin/Desktop/projects/zybo/img_proc/vivado/img_proc/img_proc.srcs/sources_1/bd/img_proc_test/img_proc_test.bd] -top
import_files -force -norecurse /home/austin/Desktop/projects/zybo/img_proc/vivado/img_proc/img_proc.srcs/sources_1/bd/img_proc_test/hdl/img_proc_test_wrapper.vhd
reset_run synth_1
launch_runs impl_1 -to_step write_bitstream -jobs 12
wait_on_run impl_1
set_property name hdmi_rx_hpd [get_bd_ports hdmi_tx_hpd]
save_bd_design
make_wrapper -files [get_files /home/austin/Desktop/projects/zybo/img_proc/vivado/img_proc/img_proc.srcs/sources_1/bd/img_proc_test/img_proc_test.bd] -top
import_files -force -norecurse /home/austin/Desktop/projects/zybo/img_proc/vivado/img_proc/img_proc.srcs/sources_1/bd/img_proc_test/hdl/img_proc_test_wrapper.vhd
reset_run synth_1
launch_runs impl_1 -to_step write_bitstream -jobs 12
wait_on_run impl_1
set_property PROBES.FILE {/home/austin/Desktop/projects/zybo/img_proc/vivado/img_proc/img_proc.runs/impl_1/img_proc_test_wrapper.ltx} [get_hw_devices xc7z020_1]
set_property FULL_PROBES.FILE {/home/austin/Desktop/projects/zybo/img_proc/vivado/img_proc/img_proc.runs/impl_1/img_proc_test_wrapper.ltx} [get_hw_devices xc7z020_1]
set_property PROGRAM.FILE {/home/austin/Desktop/projects/zybo/img_proc/vivado/img_proc/img_proc.runs/impl_1/img_proc_test_wrapper.bit} [get_hw_devices xc7z020_1]
program_hw_devices [get_hw_devices xc7z020_1]
refresh_hw_device [lindex [get_hw_devices xc7z020_1] 0]
run_hw_ila [get_hw_ilas -of_objects [get_hw_devices xc7z020_1] -filter {CELL_NAME=~"img_proc_test_i/dvi2rgb_0/U0/GenerateDebug.ILA_RefClkx"}]
wait_on_hw_ila [get_hw_ilas -of_objects [get_hw_devices xc7z020_1] -filter {CELL_NAME=~"img_proc_test_i/dvi2rgb_0/U0/GenerateDebug.ILA_RefClkx"}]
display_hw_ila_data [upload_hw_ila_data [get_hw_ilas -of_objects [get_hw_devices xc7z020_1] -filter {CELL_NAME=~"img_proc_test_i/dvi2rgb_0/U0/GenerateDebug.ILA_RefClkx"}]]
run_hw_ila [get_hw_ilas -of_objects [get_hw_devices xc7z020_1] -filter {CELL_NAME=~"img_proc_test_i/dvi2rgb_0/U0/GenerateDebug.ILA_RefClkx"}]
wait_on_hw_ila [get_hw_ilas -of_objects [get_hw_devices xc7z020_1] -filter {CELL_NAME=~"img_proc_test_i/dvi2rgb_0/U0/GenerateDebug.ILA_RefClkx"}]
display_hw_ila_data [upload_hw_ila_data [get_hw_ilas -of_objects [get_hw_devices xc7z020_1] -filter {CELL_NAME=~"img_proc_test_i/dvi2rgb_0/U0/GenerateDebug.ILA_RefClkx"}]]
run_hw_ila [get_hw_ilas -of_objects [get_hw_devices xc7z020_1] -filter {CELL_NAME=~"img_proc_test_i/dvi2rgb_0/U0/GenerateDebug.ILA_RefClkx"}]
wait_on_hw_ila [get_hw_ilas -of_objects [get_hw_devices xc7z020_1] -filter {CELL_NAME=~"img_proc_test_i/dvi2rgb_0/U0/GenerateDebug.ILA_RefClkx"}]
display_hw_ila_data [upload_hw_ila_data [get_hw_ilas -of_objects [get_hw_devices xc7z020_1] -filter {CELL_NAME=~"img_proc_test_i/dvi2rgb_0/U0/GenerateDebug.ILA_RefClkx"}]]
run_hw_ila [get_hw_ilas -of_objects [get_hw_devices xc7z020_1] -filter {CELL_NAME=~"img_proc_test_i/dvi2rgb_0/U0/GenerateDebug.ILA_RefClkx"}]
wait_on_hw_ila [get_hw_ilas -of_objects [get_hw_devices xc7z020_1] -filter {CELL_NAME=~"img_proc_test_i/dvi2rgb_0/U0/GenerateDebug.ILA_RefClkx"}]
display_hw_ila_data [upload_hw_ila_data [get_hw_ilas -of_objects [get_hw_devices xc7z020_1] -filter {CELL_NAME=~"img_proc_test_i/dvi2rgb_0/U0/GenerateDebug.ILA_RefClkx"}]]
run_hw_ila [get_hw_ilas -of_objects [get_hw_devices xc7z020_1] -filter {CELL_NAME=~"img_proc_test_i/dvi2rgb_0/U0/GenerateDebug.ILA_RefClkx"}]
wait_on_hw_ila [get_hw_ilas -of_objects [get_hw_devices xc7z020_1] -filter {CELL_NAME=~"img_proc_test_i/dvi2rgb_0/U0/GenerateDebug.ILA_RefClkx"}]
display_hw_ila_data [upload_hw_ila_data [get_hw_ilas -of_objects [get_hw_devices xc7z020_1] -filter {CELL_NAME=~"img_proc_test_i/dvi2rgb_0/U0/GenerateDebug.ILA_RefClkx"}]]
run_hw_ila [get_hw_ilas -of_objects [get_hw_devices xc7z020_1] -filter {CELL_NAME=~"img_proc_test_i/dvi2rgb_0/U0/GenerateDebug.ILA_RefClkx"}]
wait_on_hw_ila [get_hw_ilas -of_objects [get_hw_devices xc7z020_1] -filter {CELL_NAME=~"img_proc_test_i/dvi2rgb_0/U0/GenerateDebug.ILA_RefClkx"}]
display_hw_ila_data [upload_hw_ila_data [get_hw_ilas -of_objects [get_hw_devices xc7z020_1] -filter {CELL_NAME=~"img_proc_test_i/dvi2rgb_0/U0/GenerateDebug.ILA_RefClkx"}]]
run_hw_ila [get_hw_ilas -of_objects [get_hw_devices xc7z020_1] -filter {CELL_NAME=~"img_proc_test_i/dvi2rgb_0/U0/GenerateDebug.ILA_RefClkx"}]
wait_on_hw_ila [get_hw_ilas -of_objects [get_hw_devices xc7z020_1] -filter {CELL_NAME=~"img_proc_test_i/dvi2rgb_0/U0/GenerateDebug.ILA_RefClkx"}]
display_hw_ila_data [upload_hw_ila_data [get_hw_ilas -of_objects [get_hw_devices xc7z020_1] -filter {CELL_NAME=~"img_proc_test_i/dvi2rgb_0/U0/GenerateDebug.ILA_RefClkx"}]]
run_hw_ila [get_hw_ilas -of_objects [get_hw_devices xc7z020_1] -filter {CELL_NAME=~"img_proc_test_i/dvi2rgb_0/U0/GenerateDebug.ILA_RefClkx"}]
wait_on_hw_ila [get_hw_ilas -of_objects [get_hw_devices xc7z020_1] -filter {CELL_NAME=~"img_proc_test_i/dvi2rgb_0/U0/GenerateDebug.ILA_RefClkx"}]
display_hw_ila_data [upload_hw_ila_data [get_hw_ilas -of_objects [get_hw_devices xc7z020_1] -filter {CELL_NAME=~"img_proc_test_i/dvi2rgb_0/U0/GenerateDebug.ILA_RefClkx"}]]
run_hw_ila [get_hw_ilas -of_objects [get_hw_devices xc7z020_1] -filter {CELL_NAME=~"img_proc_test_i/dvi2rgb_0/U0/GenerateDebug.ILA_RefClkx"}]
wait_on_hw_ila [get_hw_ilas -of_objects [get_hw_devices xc7z020_1] -filter {CELL_NAME=~"img_proc_test_i/dvi2rgb_0/U0/GenerateDebug.ILA_RefClkx"}]
display_hw_ila_data [upload_hw_ila_data [get_hw_ilas -of_objects [get_hw_devices xc7z020_1] -filter {CELL_NAME=~"img_proc_test_i/dvi2rgb_0/U0/GenerateDebug.ILA_RefClkx"}]]
run_hw_ila [get_hw_ilas -of_objects [get_hw_devices xc7z020_1] -filter {CELL_NAME=~"img_proc_test_i/dvi2rgb_0/U0/GenerateDebug.ILA_RefClkx"}]
wait_on_hw_ila [get_hw_ilas -of_objects [get_hw_devices xc7z020_1] -filter {CELL_NAME=~"img_proc_test_i/dvi2rgb_0/U0/GenerateDebug.ILA_RefClkx"}]
display_hw_ila_data [upload_hw_ila_data [get_hw_ilas -of_objects [get_hw_devices xc7z020_1] -filter {CELL_NAME=~"img_proc_test_i/dvi2rgb_0/U0/GenerateDebug.ILA_RefClkx"}]]
run_hw_ila [get_hw_ilas -of_objects [get_hw_devices xc7z020_1] -filter {CELL_NAME=~"img_proc_test_i/dvi2rgb_0/U0/GenerateDebug.ILA_RefClkx"}]
wait_on_hw_ila [get_hw_ilas -of_objects [get_hw_devices xc7z020_1] -filter {CELL_NAME=~"img_proc_test_i/dvi2rgb_0/U0/GenerateDebug.ILA_RefClkx"}]
display_hw_ila_data [upload_hw_ila_data [get_hw_ilas -of_objects [get_hw_devices xc7z020_1] -filter {CELL_NAME=~"img_proc_test_i/dvi2rgb_0/U0/GenerateDebug.ILA_RefClkx"}]]
run_hw_ila [get_hw_ilas -of_objects [get_hw_devices xc7z020_1] -filter {CELL_NAME=~"img_proc_test_i/dvi2rgb_0/U0/GenerateDebug.ILA_RefClkx"}]
wait_on_hw_ila [get_hw_ilas -of_objects [get_hw_devices xc7z020_1] -filter {CELL_NAME=~"img_proc_test_i/dvi2rgb_0/U0/GenerateDebug.ILA_RefClkx"}]
display_hw_ila_data [upload_hw_ila_data [get_hw_ilas -of_objects [get_hw_devices xc7z020_1] -filter {CELL_NAME=~"img_proc_test_i/dvi2rgb_0/U0/GenerateDebug.ILA_RefClkx"}]]
run_hw_ila [get_hw_ilas -of_objects [get_hw_devices xc7z020_1] -filter {CELL_NAME=~"img_proc_test_i/dvi2rgb_0/U0/GenerateDebug.ILA_RefClkx"}]
wait_on_hw_ila [get_hw_ilas -of_objects [get_hw_devices xc7z020_1] -filter {CELL_NAME=~"img_proc_test_i/dvi2rgb_0/U0/GenerateDebug.ILA_RefClkx"}]
display_hw_ila_data [upload_hw_ila_data [get_hw_ilas -of_objects [get_hw_devices xc7z020_1] -filter {CELL_NAME=~"img_proc_test_i/dvi2rgb_0/U0/GenerateDebug.ILA_RefClkx"}]]
run_hw_ila [get_hw_ilas -of_objects [get_hw_devices xc7z020_1] -filter {CELL_NAME=~"img_proc_test_i/dvi2rgb_0/U0/GenerateDebug.ILA_RefClkx"}]
wait_on_hw_ila [get_hw_ilas -of_objects [get_hw_devices xc7z020_1] -filter {CELL_NAME=~"img_proc_test_i/dvi2rgb_0/U0/GenerateDebug.ILA_RefClkx"}]
display_hw_ila_data [upload_hw_ila_data [get_hw_ilas -of_objects [get_hw_devices xc7z020_1] -filter {CELL_NAME=~"img_proc_test_i/dvi2rgb_0/U0/GenerateDebug.ILA_RefClkx"}]]
run_hw_ila [get_hw_ilas -of_objects [get_hw_devices xc7z020_1] -filter {CELL_NAME=~"img_proc_test_i/dvi2rgb_0/U0/GenerateDebug.ILA_RefClkx"}]
wait_on_hw_ila [get_hw_ilas -of_objects [get_hw_devices xc7z020_1] -filter {CELL_NAME=~"img_proc_test_i/dvi2rgb_0/U0/GenerateDebug.ILA_RefClkx"}]
display_hw_ila_data [upload_hw_ila_data [get_hw_ilas -of_objects [get_hw_devices xc7z020_1] -filter {CELL_NAME=~"img_proc_test_i/dvi2rgb_0/U0/GenerateDebug.ILA_RefClkx"}]]
run_hw_ila [get_hw_ilas -of_objects [get_hw_devices xc7z020_1] -filter {CELL_NAME=~"img_proc_test_i/dvi2rgb_0/U0/GenerateDebug.ILA_RefClkx"}]
wait_on_hw_ila [get_hw_ilas -of_objects [get_hw_devices xc7z020_1] -filter {CELL_NAME=~"img_proc_test_i/dvi2rgb_0/U0/GenerateDebug.ILA_RefClkx"}]
display_hw_ila_data [upload_hw_ila_data [get_hw_ilas -of_objects [get_hw_devices xc7z020_1] -filter {CELL_NAME=~"img_proc_test_i/dvi2rgb_0/U0/GenerateDebug.ILA_RefClkx"}]]
run_hw_ila [get_hw_ilas -of_objects [get_hw_devices xc7z020_1] -filter {CELL_NAME=~"img_proc_test_i/dvi2rgb_0/U0/GenerateDebug.ILA_RefClkx"}]
wait_on_hw_ila [get_hw_ilas -of_objects [get_hw_devices xc7z020_1] -filter {CELL_NAME=~"img_proc_test_i/dvi2rgb_0/U0/GenerateDebug.ILA_RefClkx"}]
display_hw_ila_data [upload_hw_ila_data [get_hw_ilas -of_objects [get_hw_devices xc7z020_1] -filter {CELL_NAME=~"img_proc_test_i/dvi2rgb_0/U0/GenerateDebug.ILA_RefClkx"}]]
run_hw_ila [get_hw_ilas -of_objects [get_hw_devices xc7z020_1] -filter {CELL_NAME=~"img_proc_test_i/dvi2rgb_0/U0/GenerateDebug.ILA_RefClkx"}]
wait_on_hw_ila [get_hw_ilas -of_objects [get_hw_devices xc7z020_1] -filter {CELL_NAME=~"img_proc_test_i/dvi2rgb_0/U0/GenerateDebug.ILA_RefClkx"}]
display_hw_ila_data [upload_hw_ila_data [get_hw_ilas -of_objects [get_hw_devices xc7z020_1] -filter {CELL_NAME=~"img_proc_test_i/dvi2rgb_0/U0/GenerateDebug.ILA_RefClkx"}]]
run_hw_ila [get_hw_ilas -of_objects [get_hw_devices xc7z020_1] -filter {CELL_NAME=~"img_proc_test_i/dvi2rgb_0/U0/GenerateDebug.ILA_RefClkx"}]
wait_on_hw_ila [get_hw_ilas -of_objects [get_hw_devices xc7z020_1] -filter {CELL_NAME=~"img_proc_test_i/dvi2rgb_0/U0/GenerateDebug.ILA_RefClkx"}]
display_hw_ila_data [upload_hw_ila_data [get_hw_ilas -of_objects [get_hw_devices xc7z020_1] -filter {CELL_NAME=~"img_proc_test_i/dvi2rgb_0/U0/GenerateDebug.ILA_RefClkx"}]]
run_hw_ila [get_hw_ilas -of_objects [get_hw_devices xc7z020_1] -filter {CELL_NAME=~"img_proc_test_i/dvi2rgb_0/U0/GenerateDebug.ILA_RefClkx"}]
wait_on_hw_ila [get_hw_ilas -of_objects [get_hw_devices xc7z020_1] -filter {CELL_NAME=~"img_proc_test_i/dvi2rgb_0/U0/GenerateDebug.ILA_RefClkx"}]
display_hw_ila_data [upload_hw_ila_data [get_hw_ilas -of_objects [get_hw_devices xc7z020_1] -filter {CELL_NAME=~"img_proc_test_i/dvi2rgb_0/U0/GenerateDebug.ILA_RefClkx"}]]
run_hw_ila [get_hw_ilas -of_objects [get_hw_devices xc7z020_1] -filter {CELL_NAME=~"img_proc_test_i/dvi2rgb_0/U0/GenerateDebug.ILA_RefClkx"}]
wait_on_hw_ila [get_hw_ilas -of_objects [get_hw_devices xc7z020_1] -filter {CELL_NAME=~"img_proc_test_i/dvi2rgb_0/U0/GenerateDebug.ILA_RefClkx"}]
display_hw_ila_data [upload_hw_ila_data [get_hw_ilas -of_objects [get_hw_devices xc7z020_1] -filter {CELL_NAME=~"img_proc_test_i/dvi2rgb_0/U0/GenerateDebug.ILA_RefClkx"}]]
run_hw_ila [get_hw_ilas -of_objects [get_hw_devices xc7z020_1] -filter {CELL_NAME=~"img_proc_test_i/dvi2rgb_0/U0/GenerateDebug.ILA_RefClkx"}]
wait_on_hw_ila [get_hw_ilas -of_objects [get_hw_devices xc7z020_1] -filter {CELL_NAME=~"img_proc_test_i/dvi2rgb_0/U0/GenerateDebug.ILA_RefClkx"}]
display_hw_ila_data [upload_hw_ila_data [get_hw_ilas -of_objects [get_hw_devices xc7z020_1] -filter {CELL_NAME=~"img_proc_test_i/dvi2rgb_0/U0/GenerateDebug.ILA_RefClkx"}]]
run_hw_ila [get_hw_ilas -of_objects [get_hw_devices xc7z020_1] -filter {CELL_NAME=~"img_proc_test_i/dvi2rgb_0/U0/GenerateDebug.ILA_RefClkx"}]
wait_on_hw_ila [get_hw_ilas -of_objects [get_hw_devices xc7z020_1] -filter {CELL_NAME=~"img_proc_test_i/dvi2rgb_0/U0/GenerateDebug.ILA_RefClkx"}]
display_hw_ila_data [upload_hw_ila_data [get_hw_ilas -of_objects [get_hw_devices xc7z020_1] -filter {CELL_NAME=~"img_proc_test_i/dvi2rgb_0/U0/GenerateDebug.ILA_RefClkx"}]]
run_hw_ila [get_hw_ilas -of_objects [get_hw_devices xc7z020_1] -filter {CELL_NAME=~"img_proc_test_i/dvi2rgb_0/U0/GenerateDebug.ILA_RefClkx"}]
wait_on_hw_ila [get_hw_ilas -of_objects [get_hw_devices xc7z020_1] -filter {CELL_NAME=~"img_proc_test_i/dvi2rgb_0/U0/GenerateDebug.ILA_RefClkx"}]
display_hw_ila_data [upload_hw_ila_data [get_hw_ilas -of_objects [get_hw_devices xc7z020_1] -filter {CELL_NAME=~"img_proc_test_i/dvi2rgb_0/U0/GenerateDebug.ILA_RefClkx"}]]
run_hw_ila [get_hw_ilas -of_objects [get_hw_devices xc7z020_1] -filter {CELL_NAME=~"img_proc_test_i/dvi2rgb_0/U0/GenerateDebug.ILA_RefClkx"}]
wait_on_hw_ila [get_hw_ilas -of_objects [get_hw_devices xc7z020_1] -filter {CELL_NAME=~"img_proc_test_i/dvi2rgb_0/U0/GenerateDebug.ILA_RefClkx"}]
display_hw_ila_data [upload_hw_ila_data [get_hw_ilas -of_objects [get_hw_devices xc7z020_1] -filter {CELL_NAME=~"img_proc_test_i/dvi2rgb_0/U0/GenerateDebug.ILA_RefClkx"}]]
run_hw_ila [get_hw_ilas -of_objects [get_hw_devices xc7z020_1] -filter {CELL_NAME=~"img_proc_test_i/dvi2rgb_0/U0/GenerateDebug.ILA_RefClkx"}]
wait_on_hw_ila [get_hw_ilas -of_objects [get_hw_devices xc7z020_1] -filter {CELL_NAME=~"img_proc_test_i/dvi2rgb_0/U0/GenerateDebug.ILA_RefClkx"}]
display_hw_ila_data [upload_hw_ila_data [get_hw_ilas -of_objects [get_hw_devices xc7z020_1] -filter {CELL_NAME=~"img_proc_test_i/dvi2rgb_0/U0/GenerateDebug.ILA_RefClkx"}]]
run_hw_ila [get_hw_ilas -of_objects [get_hw_devices xc7z020_1] -filter {CELL_NAME=~"img_proc_test_i/dvi2rgb_0/U0/GenerateDebug.ILA_RefClkx"}]
wait_on_hw_ila [get_hw_ilas -of_objects [get_hw_devices xc7z020_1] -filter {CELL_NAME=~"img_proc_test_i/dvi2rgb_0/U0/GenerateDebug.ILA_RefClkx"}]
display_hw_ila_data [upload_hw_ila_data [get_hw_ilas -of_objects [get_hw_devices xc7z020_1] -filter {CELL_NAME=~"img_proc_test_i/dvi2rgb_0/U0/GenerateDebug.ILA_RefClkx"}]]
run_hw_ila [get_hw_ilas -of_objects [get_hw_devices xc7z020_1] -filter {CELL_NAME=~"img_proc_test_i/dvi2rgb_0/U0/GenerateDebug.ILA_RefClkx"}]
wait_on_hw_ila [get_hw_ilas -of_objects [get_hw_devices xc7z020_1] -filter {CELL_NAME=~"img_proc_test_i/dvi2rgb_0/U0/GenerateDebug.ILA_RefClkx"}]
display_hw_ila_data [upload_hw_ila_data [get_hw_ilas -of_objects [get_hw_devices xc7z020_1] -filter {CELL_NAME=~"img_proc_test_i/dvi2rgb_0/U0/GenerateDebug.ILA_RefClkx"}]]
run_hw_ila [get_hw_ilas -of_objects [get_hw_devices xc7z020_1] -filter {CELL_NAME=~"img_proc_test_i/dvi2rgb_0/U0/GenerateDebug.ILA_RefClkx"}]
wait_on_hw_ila [get_hw_ilas -of_objects [get_hw_devices xc7z020_1] -filter {CELL_NAME=~"img_proc_test_i/dvi2rgb_0/U0/GenerateDebug.ILA_RefClkx"}]
display_hw_ila_data [upload_hw_ila_data [get_hw_ilas -of_objects [get_hw_devices xc7z020_1] -filter {CELL_NAME=~"img_proc_test_i/dvi2rgb_0/U0/GenerateDebug.ILA_RefClkx"}]]
run_hw_ila [get_hw_ilas -of_objects [get_hw_devices xc7z020_1] -filter {CELL_NAME=~"img_proc_test_i/dvi2rgb_0/U0/GenerateDebug.ILA_RefClkx"}]
wait_on_hw_ila [get_hw_ilas -of_objects [get_hw_devices xc7z020_1] -filter {CELL_NAME=~"img_proc_test_i/dvi2rgb_0/U0/GenerateDebug.ILA_RefClkx"}]
display_hw_ila_data [upload_hw_ila_data [get_hw_ilas -of_objects [get_hw_devices xc7z020_1] -filter {CELL_NAME=~"img_proc_test_i/dvi2rgb_0/U0/GenerateDebug.ILA_RefClkx"}]]
run_hw_ila [get_hw_ilas -of_objects [get_hw_devices xc7z020_1] -filter {CELL_NAME=~"img_proc_test_i/dvi2rgb_0/U0/GenerateDebug.ILA_RefClkx"}]
wait_on_hw_ila [get_hw_ilas -of_objects [get_hw_devices xc7z020_1] -filter {CELL_NAME=~"img_proc_test_i/dvi2rgb_0/U0/GenerateDebug.ILA_RefClkx"}]
display_hw_ila_data [upload_hw_ila_data [get_hw_ilas -of_objects [get_hw_devices xc7z020_1] -filter {CELL_NAME=~"img_proc_test_i/dvi2rgb_0/U0/GenerateDebug.ILA_RefClkx"}]]
run_hw_ila [get_hw_ilas -of_objects [get_hw_devices xc7z020_1] -filter {CELL_NAME=~"img_proc_test_i/dvi2rgb_0/U0/GenerateDebug.ILA_RefClkx"}]
wait_on_hw_ila [get_hw_ilas -of_objects [get_hw_devices xc7z020_1] -filter {CELL_NAME=~"img_proc_test_i/dvi2rgb_0/U0/GenerateDebug.ILA_RefClkx"}]
display_hw_ila_data [upload_hw_ila_data [get_hw_ilas -of_objects [get_hw_devices xc7z020_1] -filter {CELL_NAME=~"img_proc_test_i/dvi2rgb_0/U0/GenerateDebug.ILA_RefClkx"}]]
run_hw_ila [get_hw_ilas -of_objects [get_hw_devices xc7z020_1] -filter {CELL_NAME=~"img_proc_test_i/dvi2rgb_0/U0/GenerateDebug.ILA_RefClkx"}] -trigger_now
wait_on_hw_ila [get_hw_ilas -of_objects [get_hw_devices xc7z020_1] -filter {CELL_NAME=~"img_proc_test_i/dvi2rgb_0/U0/GenerateDebug.ILA_RefClkx"}]
display_hw_ila_data [upload_hw_ila_data [get_hw_ilas -of_objects [get_hw_devices xc7z020_1] -filter {CELL_NAME=~"img_proc_test_i/dvi2rgb_0/U0/GenerateDebug.ILA_RefClkx"}]]
open_bd_design {/home/austin/Desktop/projects/zybo/img_proc/vivado/img_proc/img_proc.srcs/sources_1/bd/img_proc_test/img_proc_test.bd}
set_property location {3.5 616 82} [get_bd_cells rgb2dvi_0]
set_property location {0.5 -76 217} [get_bd_cells clk_wiz]
delete_bd_objs [get_bd_nets xlconstant_0_dout] [get_bd_ports hdmi_rx_hpd]
startgroup
create_bd_cell -type ip -vlnv xilinx.com:ip:axi_gpio:2.0 axi_gpio_0
apply_board_connection -board_interface "hdmi_in_hpd_led" -ip_intf "axi_gpio_0/GPIO" -diagram "img_proc_test" 
endgroup
undo
startgroup
create_bd_cell -type ip -vlnv digilentinc.com:ip:dvi2rgb:2.0 dvi2rgb_1
apply_board_connection -board_interface "hdmi_in" -ip_intf "dvi2rgb_1/TMDS" -diagram "img_proc_test" 
apply_board_connection -board_interface "hdmi_in_ddc" -ip_intf "dvi2rgb_1/DDC" -diagram "img_proc_test" 
endgroup
delete_bd_objs [get_bd_intf_nets dvi2rgb_1_DDC] [get_bd_intf_nets hdmi_in_0_1] [get_bd_cells dvi2rgb_1]
delete_bd_objs [get_bd_intf_ports hdmi_in_0]
delete_bd_objs [get_bd_intf_ports hdmi_in_ddc]
delete_bd_objs [get_bd_nets sys_clock_1] [get_bd_intf_nets hdmi_in_1] [get_bd_intf_nets dvi2rgb_0_RGB] [get_bd_intf_nets dvi2rgb_0_DDC] [get_bd_nets dvi2rgb_0_PixelClk] [get_bd_intf_nets rgb2dvi_0_TMDS] [get_bd_nets clk_wiz_clk_out1] [get_bd_cells dvi2rgb_0] [get_bd_cells xlconstant_0] [get_bd_cells rgb2dvi_0] [get_bd_cells clk_wiz]
delete_bd_objs [get_bd_intf_ports hdmi_in]
delete_bd_objs [get_bd_ports sys_clock]
delete_bd_objs [get_bd_intf_ports DDC]
delete_bd_objs [get_bd_intf_ports hdmi_out]
startgroup
create_bd_cell -type ip -vlnv digilentinc.com:ip:dvi2rgb:2.0 dvi2rgb_0
apply_board_connection -board_interface "hdmi_in" -ip_intf "dvi2rgb_0/TMDS" -diagram "img_proc_test" 
apply_board_connection -board_interface "hdmi_in_ddc" -ip_intf "dvi2rgb_0/DDC" -diagram "img_proc_test" 
endgroup
startgroup
create_bd_cell -type ip -vlnv digilentinc.com:ip:rgb2dvi:1.4 rgb2dvi_0
apply_board_connection -board_interface "hdmi_out" -ip_intf "rgb2dvi_0/TMDS" -diagram "img_proc_test" 
endgroup
startgroup
create_bd_cell -type ip -vlnv xilinx.com:ip:clk_wiz:6.0 clk_wiz_0
apply_board_connection -board_interface "sys_clock" -ip_intf "clk_wiz_0/clock_CLK_IN1" -diagram "img_proc_test" 
endgroup
startgroup
apply_bd_automation -rule xilinx.com:bd_rule:board -config { Manual_Source {New External Port (ACTIVE_HIGH)}}  [get_bd_pins clk_wiz_0/reset]
apply_bd_automation -rule xilinx.com:bd_rule:clkrst -config { Clk {/clk_wiz_0/clk_out1 (100 MHz)} Freq {100} Ref_Clk0 {} Ref_Clk1 {} Ref_Clk2 {}}  [get_bd_pins dvi2rgb_0/RefClk]
apply_bd_automation -rule xilinx.com:bd_rule:clkrst -config { Clk {/clk_wiz_0/clk_out1 (100 MHz)} Freq {100} Ref_Clk0 {} Ref_Clk1 {} Ref_Clk2 {}}  [get_bd_pins rgb2dvi_0/PixelClk]
endgroup
regenerate_bd_layout
set_property location {0.5 32 136} [get_bd_cells clk_wiz_0]
connect_bd_net [get_bd_ports reset_rtl] [get_bd_pins dvi2rgb_0/aRst]
regenerate_bd_layout
connect_bd_net [get_bd_ports reset_rtl] [get_bd_pins rgb2dvi_0/aRst]
regenerate_bd_layout
set_property location {0.5 36 179} [get_bd_cells clk_wiz_0]
delete_bd_objs [get_bd_nets clk_wiz_0_clk_out1]
connect_bd_net [get_bd_pins dvi2rgb_0/RefClk] [get_bd_pins clk_wiz_0/clk_out1]
connect_bd_net [get_bd_pins dvi2rgb_0/PixelClk] [get_bd_pins rgb2dvi_0/PixelClk]
regenerate_bd_layout
set_property location {0.5 16 158} [get_bd_cells clk_wiz_0]
set_property location {3.5 681 166} [get_bd_cells rgb2dvi_0]
set_property location {2 262 107} [get_bd_cells dvi2rgb_0]
connect_bd_intf_net [get_bd_intf_pins dvi2rgb_0/RGB] [get_bd_intf_pins rgb2dvi_0/RGB]
regenerate_bd_layout
set_property location {3.5 660 197} [get_bd_cells rgb2dvi_0]
set_property location {0.5 -88 149} [get_bd_cells clk_wiz_0]
set_property location {1.5 277 96} [get_bd_cells dvi2rgb_0]
set_property location {0.5 -189 147} [get_bd_cells clk_wiz_0]
set_property location {1.5 -38 157} [get_bd_cells clk_wiz_0]
regenerate_bd_layout
startgroup
create_bd_cell -type ip -vlnv xilinx.com:ip:xlconstant:1.1 xlconstant_0
endgroup
set_property location {4 764 -59} [get_bd_cells xlconstant_0]
startgroup
create_bd_port -dir O -from 0 -to 0 hdmi_in_hpd
connect_bd_net [get_bd_pins /xlconstant_0/dout] [get_bd_ports hdmi_in_hpd]
endgroup
regenerate_bd_layout
set_property name async_reset [get_bd_ports reset_rtl]
save_bd_design
make_wrapper -files [get_files /home/austin/Desktop/projects/zybo/img_proc/vivado/img_proc/img_proc.srcs/sources_1/bd/img_proc_test/img_proc_test.bd] -top
import_files -force -norecurse /home/austin/Desktop/projects/zybo/img_proc/vivado/img_proc/img_proc.srcs/sources_1/bd/img_proc_test/hdl/img_proc_test_wrapper.vhd
reset_run synth_1
launch_runs impl_1 -to_step write_bitstream -jobs 12
wait_on_run impl_1
run_hw_ila [get_hw_ilas -of_objects [get_hw_devices xc7z020_1] -filter {CELL_NAME=~"img_proc_test_i/dvi2rgb_0/U0/GenerateDebug.ILA_RefClkx"}]
wait_on_hw_ila [get_hw_ilas -of_objects [get_hw_devices xc7z020_1] -filter {CELL_NAME=~"img_proc_test_i/dvi2rgb_0/U0/GenerateDebug.ILA_RefClkx"}]
display_hw_ila_data [upload_hw_ila_data [get_hw_ilas -of_objects [get_hw_devices xc7z020_1] -filter {CELL_NAME=~"img_proc_test_i/dvi2rgb_0/U0/GenerateDebug.ILA_RefClkx"}]]
run_hw_ila [get_hw_ilas -of_objects [get_hw_devices xc7z020_1] -filter {CELL_NAME=~"img_proc_test_i/dvi2rgb_0/U0/GenerateDebug.ILA_PixClkx"}]
wait_on_hw_ila [get_hw_ilas -of_objects [get_hw_devices xc7z020_1] -filter {CELL_NAME=~"img_proc_test_i/dvi2rgb_0/U0/GenerateDebug.ILA_PixClkx"}]
display_hw_ila_data [upload_hw_ila_data [get_hw_ilas -of_objects [get_hw_devices xc7z020_1] -filter {CELL_NAME=~"img_proc_test_i/dvi2rgb_0/U0/GenerateDebug.ILA_PixClkx"}]]
open_bd_design {/home/austin/Desktop/projects/zybo/img_proc/vivado/img_proc/img_proc.srcs/sources_1/bd/img_proc_test/img_proc_test.bd}
validate_bd_design -force
close_design
set_property location {3.5 704 233} [get_bd_cells rgb2dvi_0]
regenerate_bd_layout
set_property location {3.5 680 232} [get_bd_cells rgb2dvi_0]
set_property location {820 231} [get_bd_intf_ports hdmi_out]
save_bd_design
make_wrapper -files [get_files /home/austin/Desktop/projects/zybo/img_proc/vivado/img_proc/img_proc.srcs/sources_1/bd/img_proc_test/img_proc_test.bd] -top
import_files -force -norecurse /home/austin/Desktop/projects/zybo/img_proc/vivado/img_proc/img_proc.srcs/sources_1/bd/img_proc_test/hdl/img_proc_test_wrapper.vhd
reset_run synth_1
launch_runs impl_1 -to_step write_bitstream -jobs 12
wait_on_run impl_1
set_property PROBES.FILE {/home/austin/Desktop/projects/zybo/img_proc/vivado/img_proc/img_proc.runs/impl_1/img_proc_test_wrapper.ltx} [get_hw_devices xc7z020_1]
set_property FULL_PROBES.FILE {/home/austin/Desktop/projects/zybo/img_proc/vivado/img_proc/img_proc.runs/impl_1/img_proc_test_wrapper.ltx} [get_hw_devices xc7z020_1]
set_property PROGRAM.FILE {/home/austin/Desktop/projects/zybo/img_proc/vivado/img_proc/img_proc.runs/impl_1/img_proc_test_wrapper.bit} [get_hw_devices xc7z020_1]
program_hw_devices [get_hw_devices xc7z020_1]
refresh_hw_device [lindex [get_hw_devices xc7z020_1] 0]
run_hw_ila [get_hw_ilas -of_objects [get_hw_devices xc7z020_1] -filter {CELL_NAME=~"img_proc_test_i/dvi2rgb_0/U0/GenerateDebug.ILA_PixClkx"}]
run_hw_ila [get_hw_ilas -of_objects [get_hw_devices xc7z020_1] -filter {CELL_NAME=~"img_proc_test_i/dvi2rgb_0/U0/GenerateDebug.ILA_PixClkx"}]
wait_on_hw_ila [get_hw_ilas -of_objects [get_hw_devices xc7z020_1] -filter {CELL_NAME=~"img_proc_test_i/dvi2rgb_0/U0/GenerateDebug.ILA_PixClkx"}]
display_hw_ila_data [upload_hw_ila_data [get_hw_ilas -of_objects [get_hw_devices xc7z020_1] -filter {CELL_NAME=~"img_proc_test_i/dvi2rgb_0/U0/GenerateDebug.ILA_PixClkx"}]]
run_hw_ila [get_hw_ilas -of_objects [get_hw_devices xc7z020_1] -filter {CELL_NAME=~"img_proc_test_i/dvi2rgb_0/U0/GenerateDebug.ILA_RefClkx"}]
wait_on_hw_ila [get_hw_ilas -of_objects [get_hw_devices xc7z020_1] -filter {CELL_NAME=~"img_proc_test_i/dvi2rgb_0/U0/GenerateDebug.ILA_RefClkx"}]
display_hw_ila_data [upload_hw_ila_data [get_hw_ilas -of_objects [get_hw_devices xc7z020_1] -filter {CELL_NAME=~"img_proc_test_i/dvi2rgb_0/U0/GenerateDebug.ILA_RefClkx"}]]
open_bd_design {/home/austin/Desktop/projects/zybo/img_proc/vivado/img_proc/img_proc.srcs/sources_1/bd/img_proc_test/img_proc_test.bd}
startgroup
set_property -dict [list CONFIG.PRIMITIVE {PLL} CONFIG.CLKOUT1_DRIVES {BUFG} CONFIG.CLKOUT2_DRIVES {BUFG} CONFIG.CLKOUT3_DRIVES {BUFG} CONFIG.CLKOUT4_DRIVES {BUFG} CONFIG.CLKOUT5_DRIVES {BUFG} CONFIG.CLKOUT6_DRIVES {BUFG} CONFIG.CLKOUT7_DRIVES {BUFG} CONFIG.FEEDBACK_SOURCE {FDBK_AUTO} CONFIG.MMCM_DIVCLK_DIVIDE {5} CONFIG.MMCM_BANDWIDTH {OPTIMIZED} CONFIG.MMCM_CLKFBOUT_MULT_F {36} CONFIG.MMCM_CLKIN2_PERIOD {10.0} CONFIG.MMCM_COMPENSATION {ZHOLD} CONFIG.MMCM_CLKOUT0_DIVIDE_F {9} CONFIG.CLKOUT1_JITTER {237.312} CONFIG.CLKOUT1_PHASE_ERROR {249.865}] [get_bd_cells clk_wiz_0]
endgroup
save_bd_design
make_wrapper -files [get_files /home/austin/Desktop/projects/zybo/img_proc/vivado/img_proc/img_proc.srcs/sources_1/bd/img_proc_test/img_proc_test.bd] -top
import_files -force -norecurse /home/austin/Desktop/projects/zybo/img_proc/vivado/img_proc/img_proc.srcs/sources_1/bd/img_proc_test/hdl/img_proc_test_wrapper.vhd
validate_bd_design -force
save_bd_design
reset_run synth_1
reset_run img_proc_test_clk_wiz_0_0_synth_1
launch_runs impl_1 -to_step write_bitstream -jobs 12
wait_on_run impl_1
set_property PROBES.FILE {/home/austin/Desktop/projects/zybo/img_proc/vivado/img_proc/img_proc.runs/impl_1/img_proc_test_wrapper.ltx} [get_hw_devices xc7z020_1]
set_property FULL_PROBES.FILE {/home/austin/Desktop/projects/zybo/img_proc/vivado/img_proc/img_proc.runs/impl_1/img_proc_test_wrapper.ltx} [get_hw_devices xc7z020_1]
set_property PROGRAM.FILE {/home/austin/Desktop/projects/zybo/img_proc/vivado/img_proc/img_proc.runs/impl_1/img_proc_test_wrapper.bit} [get_hw_devices xc7z020_1]
program_hw_devices [get_hw_devices xc7z020_1]
refresh_hw_device [lindex [get_hw_devices xc7z020_1] 0]
open_bd_design {/home/austin/Desktop/projects/zybo/img_proc/vivado/img_proc/img_proc.srcs/sources_1/bd/img_proc_test/img_proc_test.bd}
startgroup
set_property -dict [list CONFIG.kClkRange {1}] [get_bd_cells dvi2rgb_0]
endgroup
save_bd_design
make_wrapper -files [get_files /home/austin/Desktop/projects/zybo/img_proc/vivado/img_proc/img_proc.srcs/sources_1/bd/img_proc_test/img_proc_test.bd] -top
import_files -force -norecurse /home/austin/Desktop/projects/zybo/img_proc/vivado/img_proc/img_proc.srcs/sources_1/bd/img_proc_test/hdl/img_proc_test_wrapper.vhd
reset_run synth_1
reset_run img_proc_test_dvi2rgb_0_1_synth_1
launch_runs impl_1 -to_step write_bitstream -jobs 12
wait_on_run impl_1
set_property PROBES.FILE {/home/austin/Desktop/projects/zybo/img_proc/vivado/img_proc/img_proc.runs/impl_1/img_proc_test_wrapper.ltx} [get_hw_devices xc7z020_1]
set_property FULL_PROBES.FILE {/home/austin/Desktop/projects/zybo/img_proc/vivado/img_proc/img_proc.runs/impl_1/img_proc_test_wrapper.ltx} [get_hw_devices xc7z020_1]
set_property PROGRAM.FILE {/home/austin/Desktop/projects/zybo/img_proc/vivado/img_proc/img_proc.runs/impl_1/img_proc_test_wrapper.bit} [get_hw_devices xc7z020_1]
program_hw_devices [get_hw_devices xc7z020_1]
refresh_hw_device [lindex [get_hw_devices xc7z020_1] 0]
run_hw_ila [get_hw_ilas -of_objects [get_hw_devices xc7z020_1] -filter {CELL_NAME=~"img_proc_test_i/dvi2rgb_0/U0/GenerateDebug.ILA_PixClkx"}]
run_hw_ila [get_hw_ilas -of_objects [get_hw_devices xc7z020_1] -filter {CELL_NAME=~"img_proc_test_i/dvi2rgb_0/U0/GenerateDebug.ILA_PixClkx"}]
wait_on_hw_ila [get_hw_ilas -of_objects [get_hw_devices xc7z020_1] -filter {CELL_NAME=~"img_proc_test_i/dvi2rgb_0/U0/GenerateDebug.ILA_PixClkx"}]
display_hw_ila_data [upload_hw_ila_data [get_hw_ilas -of_objects [get_hw_devices xc7z020_1] -filter {CELL_NAME=~"img_proc_test_i/dvi2rgb_0/U0/GenerateDebug.ILA_PixClkx"}]]
run_hw_ila [get_hw_ilas -of_objects [get_hw_devices xc7z020_1] -filter {CELL_NAME=~"img_proc_test_i/dvi2rgb_0/U0/GenerateDebug.ILA_RefClkx"}]
wait_on_hw_ila [get_hw_ilas -of_objects [get_hw_devices xc7z020_1] -filter {CELL_NAME=~"img_proc_test_i/dvi2rgb_0/U0/GenerateDebug.ILA_RefClkx"}]
display_hw_ila_data [upload_hw_ila_data [get_hw_ilas -of_objects [get_hw_devices xc7z020_1] -filter {CELL_NAME=~"img_proc_test_i/dvi2rgb_0/U0/GenerateDebug.ILA_RefClkx"}]]
open_bd_design {/home/austin/Desktop/projects/zybo/img_proc/vivado/img_proc/img_proc.srcs/sources_1/bd/img_proc_test/img_proc_test.bd}
startgroup
set_property -dict [list CONFIG.CLKOUT1_REQUESTED_OUT_FREQ {200} CONFIG.MMCM_DIVCLK_DIVIDE {1} CONFIG.MMCM_CLKFBOUT_MULT_F {8} CONFIG.MMCM_CLKOUT0_DIVIDE_F {5} CONFIG.CLKOUT1_JITTER {109.241} CONFIG.CLKOUT1_PHASE_ERROR {96.948}] [get_bd_cells clk_wiz_0]
endgroup
make_wrapper -files [get_files /home/austin/Desktop/projects/zybo/img_proc/vivado/img_proc/img_proc.srcs/sources_1/bd/img_proc_test/img_proc_test.bd] -top
import_files -force -norecurse /home/austin/Desktop/projects/zybo/img_proc/vivado/img_proc/img_proc.srcs/sources_1/bd/img_proc_test/hdl/img_proc_test_wrapper.vhd
reset_run synth_1
reset_run img_proc_test_clk_wiz_0_0_synth_1
launch_runs impl_1 -to_step write_bitstream -jobs 12
wait_on_run impl_1
set_property PROBES.FILE {/home/austin/Desktop/projects/zybo/img_proc/vivado/img_proc/img_proc.runs/impl_1/img_proc_test_wrapper.ltx} [get_hw_devices xc7z020_1]
set_property FULL_PROBES.FILE {/home/austin/Desktop/projects/zybo/img_proc/vivado/img_proc/img_proc.runs/impl_1/img_proc_test_wrapper.ltx} [get_hw_devices xc7z020_1]
set_property PROGRAM.FILE {/home/austin/Desktop/projects/zybo/img_proc/vivado/img_proc/img_proc.runs/impl_1/img_proc_test_wrapper.bit} [get_hw_devices xc7z020_1]
program_hw_devices [get_hw_devices xc7z020_1]
refresh_hw_device [lindex [get_hw_devices xc7z020_1] 0]
run_hw_ila [get_hw_ilas -of_objects [get_hw_devices xc7z020_1] -filter {CELL_NAME=~"img_proc_test_i/dvi2rgb_0/U0/GenerateDebug.ILA_RefClkx"}]
wait_on_hw_ila [get_hw_ilas -of_objects [get_hw_devices xc7z020_1] -filter {CELL_NAME=~"img_proc_test_i/dvi2rgb_0/U0/GenerateDebug.ILA_RefClkx"}]
display_hw_ila_data [upload_hw_ila_data [get_hw_ilas -of_objects [get_hw_devices xc7z020_1] -filter {CELL_NAME=~"img_proc_test_i/dvi2rgb_0/U0/GenerateDebug.ILA_RefClkx"}]]
run_hw_ila [get_hw_ilas -of_objects [get_hw_devices xc7z020_1] -filter {CELL_NAME=~"img_proc_test_i/dvi2rgb_0/U0/GenerateDebug.ILA_PixClkx"}]
wait_on_hw_ila [get_hw_ilas -of_objects [get_hw_devices xc7z020_1] -filter {CELL_NAME=~"img_proc_test_i/dvi2rgb_0/U0/GenerateDebug.ILA_PixClkx"}]
display_hw_ila_data [upload_hw_ila_data [get_hw_ilas -of_objects [get_hw_devices xc7z020_1] -filter {CELL_NAME=~"img_proc_test_i/dvi2rgb_0/U0/GenerateDebug.ILA_PixClkx"}]]
run_hw_ila [get_hw_ilas -of_objects [get_hw_devices xc7z020_1] -filter {CELL_NAME=~"img_proc_test_i/dvi2rgb_0/U0/GenerateDebug.ILA_PixClkx"}]
wait_on_hw_ila [get_hw_ilas -of_objects [get_hw_devices xc7z020_1] -filter {CELL_NAME=~"img_proc_test_i/dvi2rgb_0/U0/GenerateDebug.ILA_PixClkx"}]
display_hw_ila_data [upload_hw_ila_data [get_hw_ilas -of_objects [get_hw_devices xc7z020_1] -filter {CELL_NAME=~"img_proc_test_i/dvi2rgb_0/U0/GenerateDebug.ILA_PixClkx"}]]
run_hw_ila [get_hw_ilas -of_objects [get_hw_devices xc7z020_1] -filter {CELL_NAME=~"img_proc_test_i/dvi2rgb_0/U0/GenerateDebug.ILA_PixClkx"}]
wait_on_hw_ila [get_hw_ilas -of_objects [get_hw_devices xc7z020_1] -filter {CELL_NAME=~"img_proc_test_i/dvi2rgb_0/U0/GenerateDebug.ILA_PixClkx"}]
display_hw_ila_data [upload_hw_ila_data [get_hw_ilas -of_objects [get_hw_devices xc7z020_1] -filter {CELL_NAME=~"img_proc_test_i/dvi2rgb_0/U0/GenerateDebug.ILA_PixClkx"}]]
run_hw_ila [get_hw_ilas -of_objects [get_hw_devices xc7z020_1] -filter {CELL_NAME=~"img_proc_test_i/dvi2rgb_0/U0/GenerateDebug.ILA_PixClkx"}]
wait_on_hw_ila [get_hw_ilas -of_objects [get_hw_devices xc7z020_1] -filter {CELL_NAME=~"img_proc_test_i/dvi2rgb_0/U0/GenerateDebug.ILA_PixClkx"}]
display_hw_ila_data [upload_hw_ila_data [get_hw_ilas -of_objects [get_hw_devices xc7z020_1] -filter {CELL_NAME=~"img_proc_test_i/dvi2rgb_0/U0/GenerateDebug.ILA_PixClkx"}]]
run_hw_ila [get_hw_ilas -of_objects [get_hw_devices xc7z020_1] -filter {CELL_NAME=~"img_proc_test_i/dvi2rgb_0/U0/GenerateDebug.ILA_PixClkx"}]
wait_on_hw_ila [get_hw_ilas -of_objects [get_hw_devices xc7z020_1] -filter {CELL_NAME=~"img_proc_test_i/dvi2rgb_0/U0/GenerateDebug.ILA_PixClkx"}]
display_hw_ila_data [upload_hw_ila_data [get_hw_ilas -of_objects [get_hw_devices xc7z020_1] -filter {CELL_NAME=~"img_proc_test_i/dvi2rgb_0/U0/GenerateDebug.ILA_PixClkx"}]]
run_hw_ila [get_hw_ilas -of_objects [get_hw_devices xc7z020_1] -filter {CELL_NAME=~"img_proc_test_i/dvi2rgb_0/U0/GenerateDebug.ILA_PixClkx"}]
wait_on_hw_ila [get_hw_ilas -of_objects [get_hw_devices xc7z020_1] -filter {CELL_NAME=~"img_proc_test_i/dvi2rgb_0/U0/GenerateDebug.ILA_PixClkx"}]
display_hw_ila_data [upload_hw_ila_data [get_hw_ilas -of_objects [get_hw_devices xc7z020_1] -filter {CELL_NAME=~"img_proc_test_i/dvi2rgb_0/U0/GenerateDebug.ILA_PixClkx"}]]
run_hw_ila [get_hw_ilas -of_objects [get_hw_devices xc7z020_1] -filter {CELL_NAME=~"img_proc_test_i/dvi2rgb_0/U0/GenerateDebug.ILA_PixClkx"}]
wait_on_hw_ila [get_hw_ilas -of_objects [get_hw_devices xc7z020_1] -filter {CELL_NAME=~"img_proc_test_i/dvi2rgb_0/U0/GenerateDebug.ILA_PixClkx"}]
display_hw_ila_data [upload_hw_ila_data [get_hw_ilas -of_objects [get_hw_devices xc7z020_1] -filter {CELL_NAME=~"img_proc_test_i/dvi2rgb_0/U0/GenerateDebug.ILA_PixClkx"}]]
run_hw_ila [get_hw_ilas -of_objects [get_hw_devices xc7z020_1] -filter {CELL_NAME=~"img_proc_test_i/dvi2rgb_0/U0/GenerateDebug.ILA_PixClkx"}]
wait_on_hw_ila [get_hw_ilas -of_objects [get_hw_devices xc7z020_1] -filter {CELL_NAME=~"img_proc_test_i/dvi2rgb_0/U0/GenerateDebug.ILA_PixClkx"}]
display_hw_ila_data [upload_hw_ila_data [get_hw_ilas -of_objects [get_hw_devices xc7z020_1] -filter {CELL_NAME=~"img_proc_test_i/dvi2rgb_0/U0/GenerateDebug.ILA_PixClkx"}]]
run_hw_ila [get_hw_ilas -of_objects [get_hw_devices xc7z020_1] -filter {CELL_NAME=~"img_proc_test_i/dvi2rgb_0/U0/GenerateDebug.ILA_PixClkx"}]
wait_on_hw_ila [get_hw_ilas -of_objects [get_hw_devices xc7z020_1] -filter {CELL_NAME=~"img_proc_test_i/dvi2rgb_0/U0/GenerateDebug.ILA_PixClkx"}]
display_hw_ila_data [upload_hw_ila_data [get_hw_ilas -of_objects [get_hw_devices xc7z020_1] -filter {CELL_NAME=~"img_proc_test_i/dvi2rgb_0/U0/GenerateDebug.ILA_PixClkx"}]]
run_hw_ila [get_hw_ilas -of_objects [get_hw_devices xc7z020_1] -filter {CELL_NAME=~"img_proc_test_i/dvi2rgb_0/U0/GenerateDebug.ILA_PixClkx"}]
wait_on_hw_ila [get_hw_ilas -of_objects [get_hw_devices xc7z020_1] -filter {CELL_NAME=~"img_proc_test_i/dvi2rgb_0/U0/GenerateDebug.ILA_PixClkx"}]
display_hw_ila_data [upload_hw_ila_data [get_hw_ilas -of_objects [get_hw_devices xc7z020_1] -filter {CELL_NAME=~"img_proc_test_i/dvi2rgb_0/U0/GenerateDebug.ILA_PixClkx"}]]
run_hw_ila [get_hw_ilas -of_objects [get_hw_devices xc7z020_1] -filter {CELL_NAME=~"img_proc_test_i/dvi2rgb_0/U0/GenerateDebug.ILA_PixClkx"}]
wait_on_hw_ila [get_hw_ilas -of_objects [get_hw_devices xc7z020_1] -filter {CELL_NAME=~"img_proc_test_i/dvi2rgb_0/U0/GenerateDebug.ILA_PixClkx"}]
display_hw_ila_data [upload_hw_ila_data [get_hw_ilas -of_objects [get_hw_devices xc7z020_1] -filter {CELL_NAME=~"img_proc_test_i/dvi2rgb_0/U0/GenerateDebug.ILA_PixClkx"}]]
run_hw_ila [get_hw_ilas -of_objects [get_hw_devices xc7z020_1] -filter {CELL_NAME=~"img_proc_test_i/dvi2rgb_0/U0/GenerateDebug.ILA_PixClkx"}]
wait_on_hw_ila [get_hw_ilas -of_objects [get_hw_devices xc7z020_1] -filter {CELL_NAME=~"img_proc_test_i/dvi2rgb_0/U0/GenerateDebug.ILA_PixClkx"}]
display_hw_ila_data [upload_hw_ila_data [get_hw_ilas -of_objects [get_hw_devices xc7z020_1] -filter {CELL_NAME=~"img_proc_test_i/dvi2rgb_0/U0/GenerateDebug.ILA_PixClkx"}]]
run_hw_ila [get_hw_ilas -of_objects [get_hw_devices xc7z020_1] -filter {CELL_NAME=~"img_proc_test_i/dvi2rgb_0/U0/GenerateDebug.ILA_PixClkx"}]
wait_on_hw_ila [get_hw_ilas -of_objects [get_hw_devices xc7z020_1] -filter {CELL_NAME=~"img_proc_test_i/dvi2rgb_0/U0/GenerateDebug.ILA_PixClkx"}]
display_hw_ila_data [upload_hw_ila_data [get_hw_ilas -of_objects [get_hw_devices xc7z020_1] -filter {CELL_NAME=~"img_proc_test_i/dvi2rgb_0/U0/GenerateDebug.ILA_PixClkx"}]]
run_hw_ila [get_hw_ilas -of_objects [get_hw_devices xc7z020_1] -filter {CELL_NAME=~"img_proc_test_i/dvi2rgb_0/U0/GenerateDebug.ILA_PixClkx"}]
wait_on_hw_ila [get_hw_ilas -of_objects [get_hw_devices xc7z020_1] -filter {CELL_NAME=~"img_proc_test_i/dvi2rgb_0/U0/GenerateDebug.ILA_PixClkx"}]
display_hw_ila_data [upload_hw_ila_data [get_hw_ilas -of_objects [get_hw_devices xc7z020_1] -filter {CELL_NAME=~"img_proc_test_i/dvi2rgb_0/U0/GenerateDebug.ILA_PixClkx"}]]
run_hw_ila [get_hw_ilas -of_objects [get_hw_devices xc7z020_1] -filter {CELL_NAME=~"img_proc_test_i/dvi2rgb_0/U0/GenerateDebug.ILA_PixClkx"}]
wait_on_hw_ila [get_hw_ilas -of_objects [get_hw_devices xc7z020_1] -filter {CELL_NAME=~"img_proc_test_i/dvi2rgb_0/U0/GenerateDebug.ILA_PixClkx"}]
display_hw_ila_data [upload_hw_ila_data [get_hw_ilas -of_objects [get_hw_devices xc7z020_1] -filter {CELL_NAME=~"img_proc_test_i/dvi2rgb_0/U0/GenerateDebug.ILA_PixClkx"}]]
run_hw_ila [get_hw_ilas -of_objects [get_hw_devices xc7z020_1] -filter {CELL_NAME=~"img_proc_test_i/dvi2rgb_0/U0/GenerateDebug.ILA_PixClkx"}]
wait_on_hw_ila [get_hw_ilas -of_objects [get_hw_devices xc7z020_1] -filter {CELL_NAME=~"img_proc_test_i/dvi2rgb_0/U0/GenerateDebug.ILA_PixClkx"}]
display_hw_ila_data [upload_hw_ila_data [get_hw_ilas -of_objects [get_hw_devices xc7z020_1] -filter {CELL_NAME=~"img_proc_test_i/dvi2rgb_0/U0/GenerateDebug.ILA_PixClkx"}]]
run_hw_ila [get_hw_ilas -of_objects [get_hw_devices xc7z020_1] -filter {CELL_NAME=~"img_proc_test_i/dvi2rgb_0/U0/GenerateDebug.ILA_PixClkx"}]
wait_on_hw_ila [get_hw_ilas -of_objects [get_hw_devices xc7z020_1] -filter {CELL_NAME=~"img_proc_test_i/dvi2rgb_0/U0/GenerateDebug.ILA_PixClkx"}]
display_hw_ila_data [upload_hw_ila_data [get_hw_ilas -of_objects [get_hw_devices xc7z020_1] -filter {CELL_NAME=~"img_proc_test_i/dvi2rgb_0/U0/GenerateDebug.ILA_PixClkx"}]]
run_hw_ila [get_hw_ilas -of_objects [get_hw_devices xc7z020_1] -filter {CELL_NAME=~"img_proc_test_i/dvi2rgb_0/U0/GenerateDebug.ILA_PixClkx"}]
wait_on_hw_ila [get_hw_ilas -of_objects [get_hw_devices xc7z020_1] -filter {CELL_NAME=~"img_proc_test_i/dvi2rgb_0/U0/GenerateDebug.ILA_PixClkx"}]
display_hw_ila_data [upload_hw_ila_data [get_hw_ilas -of_objects [get_hw_devices xc7z020_1] -filter {CELL_NAME=~"img_proc_test_i/dvi2rgb_0/U0/GenerateDebug.ILA_PixClkx"}]]
run_hw_ila [get_hw_ilas -of_objects [get_hw_devices xc7z020_1] -filter {CELL_NAME=~"img_proc_test_i/dvi2rgb_0/U0/GenerateDebug.ILA_PixClkx"}]
wait_on_hw_ila [get_hw_ilas -of_objects [get_hw_devices xc7z020_1] -filter {CELL_NAME=~"img_proc_test_i/dvi2rgb_0/U0/GenerateDebug.ILA_PixClkx"}]
display_hw_ila_data [upload_hw_ila_data [get_hw_ilas -of_objects [get_hw_devices xc7z020_1] -filter {CELL_NAME=~"img_proc_test_i/dvi2rgb_0/U0/GenerateDebug.ILA_PixClkx"}]]
run_hw_ila [get_hw_ilas -of_objects [get_hw_devices xc7z020_1] -filter {CELL_NAME=~"img_proc_test_i/dvi2rgb_0/U0/GenerateDebug.ILA_PixClkx"}]
wait_on_hw_ila [get_hw_ilas -of_objects [get_hw_devices xc7z020_1] -filter {CELL_NAME=~"img_proc_test_i/dvi2rgb_0/U0/GenerateDebug.ILA_PixClkx"}]
display_hw_ila_data [upload_hw_ila_data [get_hw_ilas -of_objects [get_hw_devices xc7z020_1] -filter {CELL_NAME=~"img_proc_test_i/dvi2rgb_0/U0/GenerateDebug.ILA_PixClkx"}]]
run_hw_ila [get_hw_ilas -of_objects [get_hw_devices xc7z020_1] -filter {CELL_NAME=~"img_proc_test_i/dvi2rgb_0/U0/GenerateDebug.ILA_PixClkx"}]
wait_on_hw_ila [get_hw_ilas -of_objects [get_hw_devices xc7z020_1] -filter {CELL_NAME=~"img_proc_test_i/dvi2rgb_0/U0/GenerateDebug.ILA_PixClkx"}]
display_hw_ila_data [upload_hw_ila_data [get_hw_ilas -of_objects [get_hw_devices xc7z020_1] -filter {CELL_NAME=~"img_proc_test_i/dvi2rgb_0/U0/GenerateDebug.ILA_PixClkx"}]]
run_hw_ila [get_hw_ilas -of_objects [get_hw_devices xc7z020_1] -filter {CELL_NAME=~"img_proc_test_i/dvi2rgb_0/U0/GenerateDebug.ILA_PixClkx"}]
wait_on_hw_ila [get_hw_ilas -of_objects [get_hw_devices xc7z020_1] -filter {CELL_NAME=~"img_proc_test_i/dvi2rgb_0/U0/GenerateDebug.ILA_PixClkx"}]
display_hw_ila_data [upload_hw_ila_data [get_hw_ilas -of_objects [get_hw_devices xc7z020_1] -filter {CELL_NAME=~"img_proc_test_i/dvi2rgb_0/U0/GenerateDebug.ILA_PixClkx"}]]
run_hw_ila [get_hw_ilas -of_objects [get_hw_devices xc7z020_1] -filter {CELL_NAME=~"img_proc_test_i/dvi2rgb_0/U0/GenerateDebug.ILA_PixClkx"}]
wait_on_hw_ila [get_hw_ilas -of_objects [get_hw_devices xc7z020_1] -filter {CELL_NAME=~"img_proc_test_i/dvi2rgb_0/U0/GenerateDebug.ILA_PixClkx"}]
display_hw_ila_data [upload_hw_ila_data [get_hw_ilas -of_objects [get_hw_devices xc7z020_1] -filter {CELL_NAME=~"img_proc_test_i/dvi2rgb_0/U0/GenerateDebug.ILA_PixClkx"}]]
run_hw_ila [get_hw_ilas -of_objects [get_hw_devices xc7z020_1] -filter {CELL_NAME=~"img_proc_test_i/dvi2rgb_0/U0/GenerateDebug.ILA_PixClkx"}]
wait_on_hw_ila [get_hw_ilas -of_objects [get_hw_devices xc7z020_1] -filter {CELL_NAME=~"img_proc_test_i/dvi2rgb_0/U0/GenerateDebug.ILA_PixClkx"}]
display_hw_ila_data [upload_hw_ila_data [get_hw_ilas -of_objects [get_hw_devices xc7z020_1] -filter {CELL_NAME=~"img_proc_test_i/dvi2rgb_0/U0/GenerateDebug.ILA_PixClkx"}]]
run_hw_ila [get_hw_ilas -of_objects [get_hw_devices xc7z020_1] -filter {CELL_NAME=~"img_proc_test_i/dvi2rgb_0/U0/GenerateDebug.ILA_RefClkx"}]
wait_on_hw_ila [get_hw_ilas -of_objects [get_hw_devices xc7z020_1] -filter {CELL_NAME=~"img_proc_test_i/dvi2rgb_0/U0/GenerateDebug.ILA_RefClkx"}]
display_hw_ila_data [upload_hw_ila_data [get_hw_ilas -of_objects [get_hw_devices xc7z020_1] -filter {CELL_NAME=~"img_proc_test_i/dvi2rgb_0/U0/GenerateDebug.ILA_RefClkx"}]]
run_hw_ila [get_hw_ilas -of_objects [get_hw_devices xc7z020_1] -filter {CELL_NAME=~"img_proc_test_i/dvi2rgb_0/U0/GenerateDebug.ILA_RefClkx"}]
wait_on_hw_ila [get_hw_ilas -of_objects [get_hw_devices xc7z020_1] -filter {CELL_NAME=~"img_proc_test_i/dvi2rgb_0/U0/GenerateDebug.ILA_RefClkx"}]
display_hw_ila_data [upload_hw_ila_data [get_hw_ilas -of_objects [get_hw_devices xc7z020_1] -filter {CELL_NAME=~"img_proc_test_i/dvi2rgb_0/U0/GenerateDebug.ILA_RefClkx"}]]
run_hw_ila [get_hw_ilas -of_objects [get_hw_devices xc7z020_1] -filter {CELL_NAME=~"img_proc_test_i/dvi2rgb_0/U0/GenerateDebug.ILA_PixClkx"}]
wait_on_hw_ila [get_hw_ilas -of_objects [get_hw_devices xc7z020_1] -filter {CELL_NAME=~"img_proc_test_i/dvi2rgb_0/U0/GenerateDebug.ILA_PixClkx"}]
display_hw_ila_data [upload_hw_ila_data [get_hw_ilas -of_objects [get_hw_devices xc7z020_1] -filter {CELL_NAME=~"img_proc_test_i/dvi2rgb_0/U0/GenerateDebug.ILA_PixClkx"}]]
run_hw_ila [get_hw_ilas -of_objects [get_hw_devices xc7z020_1] -filter {CELL_NAME=~"img_proc_test_i/dvi2rgb_0/U0/GenerateDebug.ILA_PixClkx"}]
wait_on_hw_ila [get_hw_ilas -of_objects [get_hw_devices xc7z020_1] -filter {CELL_NAME=~"img_proc_test_i/dvi2rgb_0/U0/GenerateDebug.ILA_PixClkx"}]
display_hw_ila_data [upload_hw_ila_data [get_hw_ilas -of_objects [get_hw_devices xc7z020_1] -filter {CELL_NAME=~"img_proc_test_i/dvi2rgb_0/U0/GenerateDebug.ILA_PixClkx"}]]
run_hw_ila [get_hw_ilas -of_objects [get_hw_devices xc7z020_1] -filter {CELL_NAME=~"img_proc_test_i/dvi2rgb_0/U0/GenerateDebug.ILA_PixClkx"}]
wait_on_hw_ila [get_hw_ilas -of_objects [get_hw_devices xc7z020_1] -filter {CELL_NAME=~"img_proc_test_i/dvi2rgb_0/U0/GenerateDebug.ILA_PixClkx"}]
display_hw_ila_data [upload_hw_ila_data [get_hw_ilas -of_objects [get_hw_devices xc7z020_1] -filter {CELL_NAME=~"img_proc_test_i/dvi2rgb_0/U0/GenerateDebug.ILA_PixClkx"}]]
run_hw_ila [get_hw_ilas -of_objects [get_hw_devices xc7z020_1] -filter {CELL_NAME=~"img_proc_test_i/dvi2rgb_0/U0/GenerateDebug.ILA_PixClkx"}]
run_hw_ila [get_hw_ilas -of_objects [get_hw_devices xc7z020_1] -filter {CELL_NAME=~"img_proc_test_i/dvi2rgb_0/U0/GenerateDebug.ILA_RefClkx"}]
wait_on_hw_ila [get_hw_ilas -of_objects [get_hw_devices xc7z020_1] -filter {CELL_NAME=~"img_proc_test_i/dvi2rgb_0/U0/GenerateDebug.ILA_PixClkx"}]\
  [get_hw_ilas -of_objects [get_hw_devices xc7z020_1] -filter {CELL_NAME=~"img_proc_test_i/dvi2rgb_0/U0/GenerateDebug.ILA_RefClkx"}]
display_hw_ila_data [upload_hw_ila_data [get_hw_ilas -of_objects [get_hw_devices xc7z020_1] -filter {CELL_NAME=~"img_proc_test_i/dvi2rgb_0/U0/GenerateDebug.ILA_PixClkx"}]]
display_hw_ila_data [upload_hw_ila_data [get_hw_ilas -of_objects [get_hw_devices xc7z020_1] -filter {CELL_NAME=~"img_proc_test_i/dvi2rgb_0/U0/GenerateDebug.ILA_RefClkx"}]]
run_hw_ila [get_hw_ilas -of_objects [get_hw_devices xc7z020_1] -filter {CELL_NAME=~"img_proc_test_i/dvi2rgb_0/U0/GenerateDebug.ILA_PixClkx"}]
run_hw_ila [get_hw_ilas -of_objects [get_hw_devices xc7z020_1] -filter {CELL_NAME=~"img_proc_test_i/dvi2rgb_0/U0/GenerateDebug.ILA_RefClkx"}]
wait_on_hw_ila [get_hw_ilas -of_objects [get_hw_devices xc7z020_1] -filter {CELL_NAME=~"img_proc_test_i/dvi2rgb_0/U0/GenerateDebug.ILA_PixClkx"}]\
  [get_hw_ilas -of_objects [get_hw_devices xc7z020_1] -filter {CELL_NAME=~"img_proc_test_i/dvi2rgb_0/U0/GenerateDebug.ILA_RefClkx"}]
upload_hw_ila_data [get_hw_ilas -of_objects [get_hw_devices xc7z020_1] -filter {CELL_NAME=~"img_proc_test_i/dvi2rgb_0/U0/GenerateDebug.ILA_PixClkx"}]
run_hw_ila [get_hw_ilas -of_objects [get_hw_devices xc7z020_1] -filter {CELL_NAME=~"img_proc_test_i/dvi2rgb_0/U0/GenerateDebug.ILA_PixClkx"}]
wait_on_hw_ila [get_hw_ilas -of_objects [get_hw_devices xc7z020_1] -filter {CELL_NAME=~"img_proc_test_i/dvi2rgb_0/U0/GenerateDebug.ILA_PixClkx"}]
display_hw_ila_data [upload_hw_ila_data [get_hw_ilas -of_objects [get_hw_devices xc7z020_1] -filter {CELL_NAME=~"img_proc_test_i/dvi2rgb_0/U0/GenerateDebug.ILA_PixClkx"}]]
run_hw_ila [get_hw_ilas -of_objects [get_hw_devices xc7z020_1] -filter {CELL_NAME=~"img_proc_test_i/dvi2rgb_0/U0/GenerateDebug.ILA_PixClkx"}]
wait_on_hw_ila [get_hw_ilas -of_objects [get_hw_devices xc7z020_1] -filter {CELL_NAME=~"img_proc_test_i/dvi2rgb_0/U0/GenerateDebug.ILA_PixClkx"}]
display_hw_ila_data [upload_hw_ila_data [get_hw_ilas -of_objects [get_hw_devices xc7z020_1] -filter {CELL_NAME=~"img_proc_test_i/dvi2rgb_0/U0/GenerateDebug.ILA_PixClkx"}]]
run_hw_ila [get_hw_ilas -of_objects [get_hw_devices xc7z020_1] -filter {CELL_NAME=~"img_proc_test_i/dvi2rgb_0/U0/GenerateDebug.ILA_PixClkx"}]
wait_on_hw_ila [get_hw_ilas -of_objects [get_hw_devices xc7z020_1] -filter {CELL_NAME=~"img_proc_test_i/dvi2rgb_0/U0/GenerateDebug.ILA_PixClkx"}]
display_hw_ila_data [upload_hw_ila_data [get_hw_ilas -of_objects [get_hw_devices xc7z020_1] -filter {CELL_NAME=~"img_proc_test_i/dvi2rgb_0/U0/GenerateDebug.ILA_PixClkx"}]]
run_hw_ila [get_hw_ilas -of_objects [get_hw_devices xc7z020_1] -filter {CELL_NAME=~"img_proc_test_i/dvi2rgb_0/U0/GenerateDebug.ILA_PixClkx"}]
wait_on_hw_ila [get_hw_ilas -of_objects [get_hw_devices xc7z020_1] -filter {CELL_NAME=~"img_proc_test_i/dvi2rgb_0/U0/GenerateDebug.ILA_PixClkx"}]
display_hw_ila_data [upload_hw_ila_data [get_hw_ilas -of_objects [get_hw_devices xc7z020_1] -filter {CELL_NAME=~"img_proc_test_i/dvi2rgb_0/U0/GenerateDebug.ILA_PixClkx"}]]
run_hw_ila [get_hw_ilas -of_objects [get_hw_devices xc7z020_1] -filter {CELL_NAME=~"img_proc_test_i/dvi2rgb_0/U0/GenerateDebug.ILA_PixClkx"}]
wait_on_hw_ila [get_hw_ilas -of_objects [get_hw_devices xc7z020_1] -filter {CELL_NAME=~"img_proc_test_i/dvi2rgb_0/U0/GenerateDebug.ILA_PixClkx"}]
display_hw_ila_data [upload_hw_ila_data [get_hw_ilas -of_objects [get_hw_devices xc7z020_1] -filter {CELL_NAME=~"img_proc_test_i/dvi2rgb_0/U0/GenerateDebug.ILA_PixClkx"}]]
run_hw_ila [get_hw_ilas -of_objects [get_hw_devices xc7z020_1] -filter {CELL_NAME=~"img_proc_test_i/dvi2rgb_0/U0/GenerateDebug.ILA_PixClkx"}]
wait_on_hw_ila [get_hw_ilas -of_objects [get_hw_devices xc7z020_1] -filter {CELL_NAME=~"img_proc_test_i/dvi2rgb_0/U0/GenerateDebug.ILA_PixClkx"}]
display_hw_ila_data [upload_hw_ila_data [get_hw_ilas -of_objects [get_hw_devices xc7z020_1] -filter {CELL_NAME=~"img_proc_test_i/dvi2rgb_0/U0/GenerateDebug.ILA_PixClkx"}]]
run_hw_ila [get_hw_ilas -of_objects [get_hw_devices xc7z020_1] -filter {CELL_NAME=~"img_proc_test_i/dvi2rgb_0/U0/GenerateDebug.ILA_PixClkx"}]
wait_on_hw_ila [get_hw_ilas -of_objects [get_hw_devices xc7z020_1] -filter {CELL_NAME=~"img_proc_test_i/dvi2rgb_0/U0/GenerateDebug.ILA_PixClkx"}]
display_hw_ila_data [upload_hw_ila_data [get_hw_ilas -of_objects [get_hw_devices xc7z020_1] -filter {CELL_NAME=~"img_proc_test_i/dvi2rgb_0/U0/GenerateDebug.ILA_PixClkx"}]]
run_hw_ila [get_hw_ilas -of_objects [get_hw_devices xc7z020_1] -filter {CELL_NAME=~"img_proc_test_i/dvi2rgb_0/U0/GenerateDebug.ILA_PixClkx"}]
wait_on_hw_ila [get_hw_ilas -of_objects [get_hw_devices xc7z020_1] -filter {CELL_NAME=~"img_proc_test_i/dvi2rgb_0/U0/GenerateDebug.ILA_PixClkx"}]
display_hw_ila_data [upload_hw_ila_data [get_hw_ilas -of_objects [get_hw_devices xc7z020_1] -filter {CELL_NAME=~"img_proc_test_i/dvi2rgb_0/U0/GenerateDebug.ILA_PixClkx"}]]
run_hw_ila [get_hw_ilas -of_objects [get_hw_devices xc7z020_1] -filter {CELL_NAME=~"img_proc_test_i/dvi2rgb_0/U0/GenerateDebug.ILA_PixClkx"}]
wait_on_hw_ila [get_hw_ilas -of_objects [get_hw_devices xc7z020_1] -filter {CELL_NAME=~"img_proc_test_i/dvi2rgb_0/U0/GenerateDebug.ILA_PixClkx"}]
display_hw_ila_data [upload_hw_ila_data [get_hw_ilas -of_objects [get_hw_devices xc7z020_1] -filter {CELL_NAME=~"img_proc_test_i/dvi2rgb_0/U0/GenerateDebug.ILA_PixClkx"}]]
run_hw_ila [get_hw_ilas -of_objects [get_hw_devices xc7z020_1] -filter {CELL_NAME=~"img_proc_test_i/dvi2rgb_0/U0/GenerateDebug.ILA_PixClkx"}]
wait_on_hw_ila [get_hw_ilas -of_objects [get_hw_devices xc7z020_1] -filter {CELL_NAME=~"img_proc_test_i/dvi2rgb_0/U0/GenerateDebug.ILA_PixClkx"}]
display_hw_ila_data [upload_hw_ila_data [get_hw_ilas -of_objects [get_hw_devices xc7z020_1] -filter {CELL_NAME=~"img_proc_test_i/dvi2rgb_0/U0/GenerateDebug.ILA_PixClkx"}]]
run_hw_ila [get_hw_ilas -of_objects [get_hw_devices xc7z020_1] -filter {CELL_NAME=~"img_proc_test_i/dvi2rgb_0/U0/GenerateDebug.ILA_PixClkx"}]
wait_on_hw_ila [get_hw_ilas -of_objects [get_hw_devices xc7z020_1] -filter {CELL_NAME=~"img_proc_test_i/dvi2rgb_0/U0/GenerateDebug.ILA_PixClkx"}]
display_hw_ila_data [upload_hw_ila_data [get_hw_ilas -of_objects [get_hw_devices xc7z020_1] -filter {CELL_NAME=~"img_proc_test_i/dvi2rgb_0/U0/GenerateDebug.ILA_PixClkx"}]]
run_hw_ila [get_hw_ilas -of_objects [get_hw_devices xc7z020_1] -filter {CELL_NAME=~"img_proc_test_i/dvi2rgb_0/U0/GenerateDebug.ILA_PixClkx"}]
wait_on_hw_ila [get_hw_ilas -of_objects [get_hw_devices xc7z020_1] -filter {CELL_NAME=~"img_proc_test_i/dvi2rgb_0/U0/GenerateDebug.ILA_PixClkx"}]
display_hw_ila_data [upload_hw_ila_data [get_hw_ilas -of_objects [get_hw_devices xc7z020_1] -filter {CELL_NAME=~"img_proc_test_i/dvi2rgb_0/U0/GenerateDebug.ILA_PixClkx"}]]
run_hw_ila [get_hw_ilas -of_objects [get_hw_devices xc7z020_1] -filter {CELL_NAME=~"img_proc_test_i/dvi2rgb_0/U0/GenerateDebug.ILA_PixClkx"}]
wait_on_hw_ila [get_hw_ilas -of_objects [get_hw_devices xc7z020_1] -filter {CELL_NAME=~"img_proc_test_i/dvi2rgb_0/U0/GenerateDebug.ILA_PixClkx"}]
display_hw_ila_data [upload_hw_ila_data [get_hw_ilas -of_objects [get_hw_devices xc7z020_1] -filter {CELL_NAME=~"img_proc_test_i/dvi2rgb_0/U0/GenerateDebug.ILA_PixClkx"}]]
open_bd_design {/home/austin/Desktop/projects/zybo/img_proc/vivado/img_proc/img_proc.srcs/sources_1/bd/img_proc_test/img_proc_test.bd}
delete_bd_objs [get_bd_nets xlconstant_0_dout]
delete_bd_objs [get_bd_cells xlconstant_0]
delete_bd_objs [get_bd_ports hdmi_in_hpd]
save_bd_design
make_wrapper -files [get_files /home/austin/Desktop/projects/zybo/img_proc/vivado/img_proc/img_proc.srcs/sources_1/bd/img_proc_test/img_proc_test.bd] -top
import_files -force -norecurse /home/austin/Desktop/projects/zybo/img_proc/vivado/img_proc/img_proc.srcs/sources_1/bd/img_proc_test/hdl/img_proc_test_wrapper.vhd
reset_run synth_1
launch_runs impl_1 -to_step write_bitstream -jobs 12
wait_on_run impl_1
startgroup
create_bd_cell -type ip -vlnv xilinx.com:ip:xlconstant:1.1 xlconstant_0
endgroup
set_property location {4 698 32} [get_bd_cells xlconstant_0]
startgroup
create_bd_port -dir O -from 0 -to 0 hdmi_in_hpd
connect_bd_net [get_bd_pins /xlconstant_0/dout] [get_bd_ports hdmi_in_hpd]
endgroup
regenerate_bd_layout
set_property PROBES.FILE {/home/austin/Desktop/projects/zybo/img_proc/vivado/img_proc/img_proc.runs/impl_1/img_proc_test_wrapper.ltx} [get_hw_devices xc7z020_1]
set_property FULL_PROBES.FILE {/home/austin/Desktop/projects/zybo/img_proc/vivado/img_proc/img_proc.runs/impl_1/img_proc_test_wrapper.ltx} [get_hw_devices xc7z020_1]
set_property PROGRAM.FILE {/home/austin/Desktop/projects/zybo/img_proc/vivado/img_proc/img_proc.runs/impl_1/img_proc_test_wrapper.bit} [get_hw_devices xc7z020_1]
program_hw_devices [get_hw_devices xc7z020_1]
refresh_hw_device [lindex [get_hw_devices xc7z020_1] 0]
open_bd_design {/home/austin/Desktop/projects/zybo/img_proc/vivado/img_proc/img_proc.srcs/sources_1/bd/img_proc_test/img_proc_test.bd}
save_bd_design
make_wrapper -files [get_files /home/austin/Desktop/projects/zybo/img_proc/vivado/img_proc/img_proc.srcs/sources_1/bd/img_proc_test/img_proc_test.bd] -top
import_files -force -norecurse /home/austin/Desktop/projects/zybo/img_proc/vivado/img_proc/img_proc.srcs/sources_1/bd/img_proc_test/hdl/img_proc_test_wrapper.vhd
reset_run synth_1
launch_runs impl_1 -to_step write_bitstream -jobs 12
wait_on_run impl_1
set_property PROBES.FILE {/home/austin/Desktop/projects/zybo/img_proc/vivado/img_proc/img_proc.runs/impl_1/img_proc_test_wrapper.ltx} [get_hw_devices xc7z020_1]
set_property FULL_PROBES.FILE {/home/austin/Desktop/projects/zybo/img_proc/vivado/img_proc/img_proc.runs/impl_1/img_proc_test_wrapper.ltx} [get_hw_devices xc7z020_1]
set_property PROGRAM.FILE {/home/austin/Desktop/projects/zybo/img_proc/vivado/img_proc/img_proc.runs/impl_1/img_proc_test_wrapper.bit} [get_hw_devices xc7z020_1]
program_hw_devices [get_hw_devices xc7z020_1]
refresh_hw_device [lindex [get_hw_devices xc7z020_1] 0]
open_run impl_1
close_design
open_run synth_1 -name synth_1
open_run impl_1
save_wave_config {/home/austin/Desktop/projects/zybo/img_proc/vivado/img_proc/img_proc.hw/hw_1/wave/hw_ila_data_1/hw_ila_data_1.wcfg}
save_wave_config {/home/austin/Desktop/projects/zybo/img_proc/vivado/img_proc/img_proc.hw/hw_1/wave/hw_ila_data_2/hw_ila_data_2.wcfg}
